[0.217s] DEBUG:colcon:Command line arguments: ['/usr/bin/colcon', 'build', '--symlink-install', '--packages-select', 'gp_arm_moveit', 'my_robotic_arm']
[0.217s] DEBUG:colcon:Parsed command line arguments: Namespace(log_base=None, log_level=None, verb_name='build', build_base='build', install_base='install', merge_install=False, symlink_install=True, test_result_base=None, continue_on_error=False, executor='parallel', parallel_workers=24, event_handlers=None, ignore_user_meta=False, metas=['./colcon.meta'], base_paths=['.'], packages_ignore=None, packages_ignore_regex=None, paths=None, packages_up_to=None, packages_up_to_regex=None, packages_above=None, packages_above_and_dependencies=None, packages_above_depth=None, packages_select_by_dep=None, packages_skip_by_dep=None, packages_skip_up_to=None, packages_select_build_failed=False, packages_skip_build_finished=False, packages_select_test_failures=False, packages_skip_test_passed=False, packages_select=['gp_arm_moveit', 'my_robotic_arm'], packages_skip=None, packages_select_regex=None, packages_skip_regex=None, packages_start=None, packages_end=None, allow_overriding=[], cmake_args=None, cmake_target=None, cmake_target_skip_unavailable=False, cmake_clean_cache=False, cmake_clean_first=False, cmake_force_configure=False, ament_cmake_args=None, catkin_cmake_args=None, catkin_skip_building_tests=False, mixin_files=None, mixin=None, verb_parser=<colcon_mixin.mixin.mixin_argument.MixinArgumentDecorator object at 0x7218ac546a10>, verb_extension=<colcon_core.verb.build.BuildVerb object at 0x7218ac545db0>, main=<bound method BuildVerb.main of <colcon_core.verb.build.BuildVerb object at 0x7218ac545db0>>, mixin_verb=('build',))
[0.475s] Level 1:colcon.colcon_core.package_discovery:discover_packages(colcon_meta) check parameters
[0.476s] Level 1:colcon.colcon_core.package_discovery:discover_packages(recursive) check parameters
[0.476s] Level 1:colcon.colcon_core.package_discovery:discover_packages(ignore) check parameters
[0.476s] Level 1:colcon.colcon_core.package_discovery:discover_packages(path) check parameters
[0.476s] Level 1:colcon.colcon_core.package_discovery:discover_packages(colcon_meta) discover
[0.476s] Level 1:colcon.colcon_core.package_discovery:discover_packages(recursive) discover
[0.476s] INFO:colcon.colcon_core.package_discovery:Crawling recursively for packages in '/home/yousef_elabd/gp_arm'
[0.476s] Level 1:colcon.colcon_core.package_identification:_identify(.) by extensions ['ignore', 'ignore_ament_install']
[0.477s] Level 1:colcon.colcon_core.package_identification:_identify(.) by extension 'ignore'
[0.477s] Level 1:colcon.colcon_core.package_identification:_identify(.) by extension 'ignore_ament_install'
[0.477s] Level 1:colcon.colcon_core.package_identification:_identify(.) by extensions ['colcon_pkg']
[0.477s] Level 1:colcon.colcon_core.package_identification:_identify(.) by extension 'colcon_pkg'
[0.478s] Level 1:colcon.colcon_core.package_identification:_identify(.) by extensions ['colcon_meta']
[0.478s] Level 1:colcon.colcon_core.package_identification:_identify(.) by extension 'colcon_meta'
[0.478s] Level 1:colcon.colcon_core.package_identification:_identify(.) by extensions ['ros']
[0.478s] Level 1:colcon.colcon_core.package_identification:_identify(.) by extension 'ros'
[0.496s] Level 1:colcon.colcon_core.package_identification:_identify(.) by extensions ['cmake', 'python']
[0.496s] Level 1:colcon.colcon_core.package_identification:_identify(.) by extension 'cmake'
[0.496s] Level 1:colcon.colcon_core.package_identification:_identify(.) by extension 'python'
[0.496s] Level 1:colcon.colcon_core.package_identification:_identify(.) by extensions ['python_setup_py']
[0.496s] Level 1:colcon.colcon_core.package_identification:_identify(.) by extension 'python_setup_py'
[0.496s] Level 1:colcon.colcon_core.package_identification:_identify(build) by extensions ['ignore', 'ignore_ament_install']
[0.497s] Level 1:colcon.colcon_core.package_identification:_identify(build) by extension 'ignore'
[0.497s] Level 1:colcon.colcon_core.package_identification:_identify(build) ignored
[0.497s] Level 1:colcon.colcon_core.package_identification:_identify(install) by extensions ['ignore', 'ignore_ament_install']
[0.497s] Level 1:colcon.colcon_core.package_identification:_identify(install) by extension 'ignore'
[0.497s] Level 1:colcon.colcon_core.package_identification:_identify(install) ignored
[0.497s] Level 1:colcon.colcon_core.package_identification:_identify(log) by extensions ['ignore', 'ignore_ament_install']
[0.498s] Level 1:colcon.colcon_core.package_identification:_identify(log) by extension 'ignore'
[0.498s] Level 1:colcon.colcon_core.package_identification:_identify(log) ignored
[0.498s] Level 1:colcon.colcon_core.package_identification:_identify(src) by extensions ['ignore', 'ignore_ament_install']
[0.498s] Level 1:colcon.colcon_core.package_identification:_identify(src) by extension 'ignore'
[0.498s] Level 1:colcon.colcon_core.package_identification:_identify(src) by extension 'ignore_ament_install'
[0.498s] Level 1:colcon.colcon_core.package_identification:_identify(src) by extensions ['colcon_pkg']
[0.498s] Level 1:colcon.colcon_core.package_identification:_identify(src) by extension 'colcon_pkg'
[0.498s] Level 1:colcon.colcon_core.package_identification:_identify(src) by extensions ['colcon_meta']
[0.498s] Level 1:colcon.colcon_core.package_identification:_identify(src) by extension 'colcon_meta'
[0.499s] Level 1:colcon.colcon_core.package_identification:_identify(src) by extensions ['ros']
[0.499s] Level 1:colcon.colcon_core.package_identification:_identify(src) by extension 'ros'
[0.499s] Level 1:colcon.colcon_core.package_identification:_identify(src) by extensions ['cmake', 'python']
[0.499s] Level 1:colcon.colcon_core.package_identification:_identify(src) by extension 'cmake'
[0.499s] Level 1:colcon.colcon_core.package_identification:_identify(src) by extension 'python'
[0.499s] Level 1:colcon.colcon_core.package_identification:_identify(src) by extensions ['python_setup_py']
[0.499s] Level 1:colcon.colcon_core.package_identification:_identify(src) by extension 'python_setup_py'
[0.499s] Level 1:colcon.colcon_core.package_identification:_identify(src/gp_arm_moveit) by extensions ['ignore', 'ignore_ament_install']
[0.499s] Level 1:colcon.colcon_core.package_identification:_identify(src/gp_arm_moveit) by extension 'ignore'
[0.500s] Level 1:colcon.colcon_core.package_identification:_identify(src/gp_arm_moveit) by extension 'ignore_ament_install'
[0.500s] Level 1:colcon.colcon_core.package_identification:_identify(src/gp_arm_moveit) by extensions ['colcon_pkg']
[0.500s] Level 1:colcon.colcon_core.package_identification:_identify(src/gp_arm_moveit) by extension 'colcon_pkg'
[0.500s] Level 1:colcon.colcon_core.package_identification:_identify(src/gp_arm_moveit) by extensions ['colcon_meta']
[0.500s] Level 1:colcon.colcon_core.package_identification:_identify(src/gp_arm_moveit) by extension 'colcon_meta'
[0.500s] Level 1:colcon.colcon_core.package_identification:_identify(src/gp_arm_moveit) by extensions ['ros']
[0.500s] Level 1:colcon.colcon_core.package_identification:_identify(src/gp_arm_moveit) by extension 'ros'
[0.504s] DEBUG:colcon.colcon_core.package_identification:Package 'src/gp_arm_moveit' with type 'ros.ament_cmake' and name 'gp_arm_moveit'
[0.504s] Level 1:colcon.colcon_core.package_identification:_identify(src/my_robotic_arm) by extensions ['ignore', 'ignore_ament_install']
[0.504s] Level 1:colcon.colcon_core.package_identification:_identify(src/my_robotic_arm) by extension 'ignore'
[0.504s] Level 1:colcon.colcon_core.package_identification:_identify(src/my_robotic_arm) by extension 'ignore_ament_install'
[0.505s] Level 1:colcon.colcon_core.package_identification:_identify(src/my_robotic_arm) by extensions ['colcon_pkg']
[0.505s] Level 1:colcon.colcon_core.package_identification:_identify(src/my_robotic_arm) by extension 'colcon_pkg'
[0.505s] Level 1:colcon.colcon_core.package_identification:_identify(src/my_robotic_arm) by extensions ['colcon_meta']
[0.505s] Level 1:colcon.colcon_core.package_identification:_identify(src/my_robotic_arm) by extension 'colcon_meta'
[0.505s] Level 1:colcon.colcon_core.package_identification:_identify(src/my_robotic_arm) by extensions ['ros']
[0.505s] Level 1:colcon.colcon_core.package_identification:_identify(src/my_robotic_arm) by extension 'ros'
[0.508s] DEBUG:colcon.colcon_core.package_identification:Package 'src/my_robotic_arm' with type 'ros.ament_python' and name 'my_robotic_arm'
[0.508s] Level 1:colcon.colcon_core.package_discovery:discover_packages(recursive) using defaults
[0.508s] Level 1:colcon.colcon_core.package_discovery:discover_packages(ignore) discover
[0.508s] Level 1:colcon.colcon_core.package_discovery:discover_packages(ignore) using defaults
[0.509s] Level 1:colcon.colcon_core.package_discovery:discover_packages(path) discover
[0.510s] Level 1:colcon.colcon_core.package_discovery:discover_packages(path) using defaults
[0.567s] Level 1:colcon.colcon_core.package_discovery:discover_packages(prefix_path) check parameters
[0.568s] Level 1:colcon.colcon_core.package_discovery:discover_packages(prefix_path) discover
[0.570s] WARNING:colcon.colcon_ros.prefix_path.ament:The path '/home/yousef_elabd/gp_arm/install/pilz_industrial_motion_planner_testutils' in the environment variable AMENT_PREFIX_PATH doesn't exist
[0.570s] WARNING:colcon.colcon_ros.prefix_path.ament:The path '/home/yousef_elabd/gp_arm/install/moveit_planners' in the environment variable AMENT_PREFIX_PATH doesn't exist
[0.570s] WARNING:colcon.colcon_ros.prefix_path.ament:The path '/home/yousef_elabd/gp_arm/install/pilz_industrial_motion_planner' in the environment variable AMENT_PREFIX_PATH doesn't exist
[0.571s] WARNING:colcon.colcon_ros.prefix_path.ament:The path '/home/yousef_elabd/gp_arm/install/moveit_ros_control_interface' in the environment variable AMENT_PREFIX_PATH doesn't exist
[0.571s] WARNING:colcon.colcon_ros.prefix_path.ament:The path '/home/yousef_elabd/gp_arm/install/moveit_plugins' in the environment variable AMENT_PREFIX_PATH doesn't exist
[0.571s] WARNING:colcon.colcon_ros.prefix_path.ament:The path '/home/yousef_elabd/gp_arm/install/moveit_simple_controller_manager' in the environment variable AMENT_PREFIX_PATH doesn't exist
[0.571s] WARNING:colcon.colcon_ros.prefix_path.ament:The path '/home/yousef_elabd/gp_arm/install/moveit_py' in the environment variable AMENT_PREFIX_PATH doesn't exist
[0.572s] WARNING:colcon.colcon_ros.prefix_path.ament:The path '/home/yousef_elabd/gp_arm/install/moveit_ros_planning_interface' in the environment variable AMENT_PREFIX_PATH doesn't exist
[0.572s] WARNING:colcon.colcon_ros.prefix_path.ament:The path '/home/yousef_elabd/gp_arm/install/moveit_ros_benchmarks' in the environment variable AMENT_PREFIX_PATH doesn't exist
[0.572s] WARNING:colcon.colcon_ros.prefix_path.ament:The path '/home/yousef_elabd/gp_arm/install/moveit_ros_warehouse' in the environment variable AMENT_PREFIX_PATH doesn't exist
[0.572s] WARNING:colcon.colcon_ros.prefix_path.ament:The path '/home/yousef_elabd/gp_arm/install/moveit_ros_robot_interaction' in the environment variable AMENT_PREFIX_PATH doesn't exist
[0.572s] WARNING:colcon.colcon_ros.prefix_path.ament:The path '/home/yousef_elabd/gp_arm/install/moveit_ros_perception' in the environment variable AMENT_PREFIX_PATH doesn't exist
[0.572s] WARNING:colcon.colcon_ros.prefix_path.ament:The path '/home/yousef_elabd/gp_arm/install/moveit_resources_prbt_pg70_support' in the environment variable AMENT_PREFIX_PATH doesn't exist
[0.572s] WARNING:colcon.colcon_ros.prefix_path.ament:The path '/home/yousef_elabd/gp_arm/install/moveit_resources_prbt_moveit_config' in the environment variable AMENT_PREFIX_PATH doesn't exist
[0.572s] WARNING:colcon.colcon_ros.prefix_path.ament:The path '/home/yousef_elabd/gp_arm/install/moveit_ros_move_group' in the environment variable AMENT_PREFIX_PATH doesn't exist
[0.572s] WARNING:colcon.colcon_ros.prefix_path.ament:The path '/home/yousef_elabd/gp_arm/install/moveit_planners_ompl' in the environment variable AMENT_PREFIX_PATH doesn't exist
[0.572s] WARNING:colcon.colcon_ros.prefix_path.ament:The path '/home/yousef_elabd/gp_arm/install/moveit_ros_planning' in the environment variable AMENT_PREFIX_PATH doesn't exist
[0.572s] WARNING:colcon.colcon_ros.prefix_path.ament:The path '/home/yousef_elabd/gp_arm/install/moveit_ros_occupancy_map_monitor' in the environment variable AMENT_PREFIX_PATH doesn't exist
[0.572s] WARNING:colcon.colcon_ros.prefix_path.ament:The path '/home/yousef_elabd/gp_arm/install/moveit_resources_prbt_support' in the environment variable AMENT_PREFIX_PATH doesn't exist
[0.572s] WARNING:colcon.colcon_ros.prefix_path.ament:The path '/home/yousef_elabd/gp_arm/install/moveit_resources_prbt_ikfast_manipulator_plugin' in the environment variable AMENT_PREFIX_PATH doesn't exist
[0.572s] WARNING:colcon.colcon_ros.prefix_path.ament:The path '/home/yousef_elabd/gp_arm/install/moveit_planners_chomp' in the environment variable AMENT_PREFIX_PATH doesn't exist
[0.572s] WARNING:colcon.colcon_ros.prefix_path.ament:The path '/home/yousef_elabd/gp_arm/install/moveit_kinematics' in the environment variable AMENT_PREFIX_PATH doesn't exist
[0.572s] WARNING:colcon.colcon_ros.prefix_path.ament:The path '/home/yousef_elabd/gp_arm/install/moveit_chomp_optimizer_adapter' in the environment variable AMENT_PREFIX_PATH doesn't exist
[0.572s] WARNING:colcon.colcon_ros.prefix_path.ament:The path '/home/yousef_elabd/gp_arm/install/chomp_motion_planner' in the environment variable AMENT_PREFIX_PATH doesn't exist
[0.572s] WARNING:colcon.colcon_ros.prefix_path.ament:The path '/home/yousef_elabd/gp_arm/install/moveit_core' in the environment variable AMENT_PREFIX_PATH doesn't exist
[0.572s] WARNING:colcon.colcon_ros.prefix_path.ament:The path '/home/yousef_elabd/gp_arm/install/moveit_configs_utils' in the environment variable AMENT_PREFIX_PATH doesn't exist
[0.572s] WARNING:colcon.colcon_ros.prefix_path.ament:The path '/home/yousef_elabd/gp_arm/install/moveit_common' in the environment variable AMENT_PREFIX_PATH doesn't exist
[0.572s] WARNING:colcon.colcon_ros.prefix_path.catkin:The path '/home/yousef_elabd/gp_arm/install/pilz_industrial_motion_planner_testutils' in the environment variable CMAKE_PREFIX_PATH doesn't exist
[0.572s] WARNING:colcon.colcon_ros.prefix_path.catkin:The path '/home/yousef_elabd/gp_arm/install/moveit_planners' in the environment variable CMAKE_PREFIX_PATH doesn't exist
[0.573s] WARNING:colcon.colcon_ros.prefix_path.catkin:The path '/home/yousef_elabd/gp_arm/install/pilz_industrial_motion_planner' in the environment variable CMAKE_PREFIX_PATH doesn't exist
[0.573s] WARNING:colcon.colcon_ros.prefix_path.catkin:The path '/home/yousef_elabd/gp_arm/install/moveit_ros_control_interface' in the environment variable CMAKE_PREFIX_PATH doesn't exist
[0.573s] WARNING:colcon.colcon_ros.prefix_path.catkin:The path '/home/yousef_elabd/gp_arm/install/moveit_plugins' in the environment variable CMAKE_PREFIX_PATH doesn't exist
[0.573s] WARNING:colcon.colcon_ros.prefix_path.catkin:The path '/home/yousef_elabd/gp_arm/install/moveit_simple_controller_manager' in the environment variable CMAKE_PREFIX_PATH doesn't exist
[0.573s] WARNING:colcon.colcon_ros.prefix_path.catkin:The path '/home/yousef_elabd/gp_arm/install/moveit_py' in the environment variable CMAKE_PREFIX_PATH doesn't exist
[0.573s] WARNING:colcon.colcon_ros.prefix_path.catkin:The path '/home/yousef_elabd/gp_arm/install/moveit_ros_planning_interface' in the environment variable CMAKE_PREFIX_PATH doesn't exist
[0.573s] WARNING:colcon.colcon_ros.prefix_path.catkin:The path '/home/yousef_elabd/gp_arm/install/moveit_ros_benchmarks' in the environment variable CMAKE_PREFIX_PATH doesn't exist
[0.573s] WARNING:colcon.colcon_ros.prefix_path.catkin:The path '/home/yousef_elabd/gp_arm/install/moveit_ros_warehouse' in the environment variable CMAKE_PREFIX_PATH doesn't exist
[0.573s] WARNING:colcon.colcon_ros.prefix_path.catkin:The path '/home/yousef_elabd/gp_arm/install/moveit_ros_robot_interaction' in the environment variable CMAKE_PREFIX_PATH doesn't exist
[0.573s] WARNING:colcon.colcon_ros.prefix_path.catkin:The path '/home/yousef_elabd/gp_arm/install/moveit_ros_perception' in the environment variable CMAKE_PREFIX_PATH doesn't exist
[0.573s] WARNING:colcon.colcon_ros.prefix_path.catkin:The path '/home/yousef_elabd/gp_arm/install/moveit_resources_prbt_pg70_support' in the environment variable CMAKE_PREFIX_PATH doesn't exist
[0.573s] WARNING:colcon.colcon_ros.prefix_path.catkin:The path '/home/yousef_elabd/gp_arm/install/moveit_resources_prbt_moveit_config' in the environment variable CMAKE_PREFIX_PATH doesn't exist
[0.574s] WARNING:colcon.colcon_ros.prefix_path.catkin:The path '/home/yousef_elabd/gp_arm/install/moveit_ros_move_group' in the environment variable CMAKE_PREFIX_PATH doesn't exist
[0.574s] WARNING:colcon.colcon_ros.prefix_path.catkin:The path '/home/yousef_elabd/gp_arm/install/moveit_planners_ompl' in the environment variable CMAKE_PREFIX_PATH doesn't exist
[0.574s] WARNING:colcon.colcon_ros.prefix_path.catkin:The path '/home/yousef_elabd/gp_arm/install/moveit_ros_planning' in the environment variable CMAKE_PREFIX_PATH doesn't exist
[0.574s] WARNING:colcon.colcon_ros.prefix_path.catkin:The path '/home/yousef_elabd/gp_arm/install/moveit_ros_occupancy_map_monitor' in the environment variable CMAKE_PREFIX_PATH doesn't exist
[0.574s] WARNING:colcon.colcon_ros.prefix_path.catkin:The path '/home/yousef_elabd/gp_arm/install/moveit_resources_prbt_support' in the environment variable CMAKE_PREFIX_PATH doesn't exist
[0.574s] WARNING:colcon.colcon_ros.prefix_path.catkin:The path '/home/yousef_elabd/gp_arm/install/moveit_resources_prbt_ikfast_manipulator_plugin' in the environment variable CMAKE_PREFIX_PATH doesn't exist
[0.574s] WARNING:colcon.colcon_ros.prefix_path.catkin:The path '/home/yousef_elabd/gp_arm/install/moveit_planners_chomp' in the environment variable CMAKE_PREFIX_PATH doesn't exist
[0.574s] WARNING:colcon.colcon_ros.prefix_path.catkin:The path '/home/yousef_elabd/gp_arm/install/moveit_kinematics' in the environment variable CMAKE_PREFIX_PATH doesn't exist
[0.574s] WARNING:colcon.colcon_ros.prefix_path.catkin:The path '/home/yousef_elabd/gp_arm/install/moveit_chomp_optimizer_adapter' in the environment variable CMAKE_PREFIX_PATH doesn't exist
[0.574s] WARNING:colcon.colcon_ros.prefix_path.catkin:The path '/home/yousef_elabd/gp_arm/install/chomp_motion_planner' in the environment variable CMAKE_PREFIX_PATH doesn't exist
[0.575s] WARNING:colcon.colcon_ros.prefix_path.catkin:The path '/home/yousef_elabd/gp_arm/install/moveit_core' in the environment variable CMAKE_PREFIX_PATH doesn't exist
[0.575s] WARNING:colcon.colcon_ros.prefix_path.catkin:The path '/home/yousef_elabd/gp_arm/install/moveit_common' in the environment variable CMAKE_PREFIX_PATH doesn't exist
[0.576s] DEBUG:colcon.colcon_installed_package_information.package_discovery:Found 2 installed packages in /home/yousef_elabd/gp_arm/install
[0.578s] DEBUG:colcon.colcon_installed_package_information.package_discovery:Found 381 installed packages in /opt/ros/humble
[0.583s] Level 1:colcon.colcon_core.package_discovery:discover_packages(prefix_path) using defaults
[0.659s] Level 5:colcon.colcon_core.verb:set package 'my_robotic_arm' build argument 'cmake_args' from command line to 'None'
[0.659s] Level 5:colcon.colcon_core.verb:set package 'my_robotic_arm' build argument 'cmake_target' from command line to 'None'
[0.659s] Level 5:colcon.colcon_core.verb:set package 'my_robotic_arm' build argument 'cmake_target_skip_unavailable' from command line to 'False'
[0.659s] Level 5:colcon.colcon_core.verb:set package 'my_robotic_arm' build argument 'cmake_clean_cache' from command line to 'False'
[0.660s] Level 5:colcon.colcon_core.verb:set package 'my_robotic_arm' build argument 'cmake_clean_first' from command line to 'False'
[0.660s] Level 5:colcon.colcon_core.verb:set package 'my_robotic_arm' build argument 'cmake_force_configure' from command line to 'False'
[0.660s] Level 5:colcon.colcon_core.verb:set package 'my_robotic_arm' build argument 'ament_cmake_args' from command line to 'None'
[0.660s] Level 5:colcon.colcon_core.verb:set package 'my_robotic_arm' build argument 'catkin_cmake_args' from command line to 'None'
[0.660s] Level 5:colcon.colcon_core.verb:set package 'my_robotic_arm' build argument 'catkin_skip_building_tests' from command line to 'False'
[0.660s] DEBUG:colcon.colcon_core.verb:Building package 'my_robotic_arm' with the following arguments: {'ament_cmake_args': None, 'build_base': '/home/yousef_elabd/gp_arm/build/my_robotic_arm', 'catkin_cmake_args': None, 'catkin_skip_building_tests': False, 'cmake_args': None, 'cmake_clean_cache': False, 'cmake_clean_first': False, 'cmake_force_configure': False, 'cmake_target': None, 'cmake_target_skip_unavailable': False, 'install_base': '/home/yousef_elabd/gp_arm/install/my_robotic_arm', 'merge_install': False, 'path': '/home/yousef_elabd/gp_arm/src/my_robotic_arm', 'symlink_install': True, 'test_result_base': None}
[0.660s] Level 5:colcon.colcon_core.verb:set package 'gp_arm_moveit' build argument 'cmake_args' from command line to 'None'
[0.660s] Level 5:colcon.colcon_core.verb:set package 'gp_arm_moveit' build argument 'cmake_target' from command line to 'None'
[0.660s] Level 5:colcon.colcon_core.verb:set package 'gp_arm_moveit' build argument 'cmake_target_skip_unavailable' from command line to 'False'
[0.660s] Level 5:colcon.colcon_core.verb:set package 'gp_arm_moveit' build argument 'cmake_clean_cache' from command line to 'False'
[0.660s] Level 5:colcon.colcon_core.verb:set package 'gp_arm_moveit' build argument 'cmake_clean_first' from command line to 'False'
[0.660s] Level 5:colcon.colcon_core.verb:set package 'gp_arm_moveit' build argument 'cmake_force_configure' from command line to 'False'
[0.660s] Level 5:colcon.colcon_core.verb:set package 'gp_arm_moveit' build argument 'ament_cmake_args' from command line to 'None'
[0.661s] Level 5:colcon.colcon_core.verb:set package 'gp_arm_moveit' build argument 'catkin_cmake_args' from command line to 'None'
[0.661s] Level 5:colcon.colcon_core.verb:set package 'gp_arm_moveit' build argument 'catkin_skip_building_tests' from command line to 'False'
[0.661s] DEBUG:colcon.colcon_core.verb:Building package 'gp_arm_moveit' with the following arguments: {'ament_cmake_args': None, 'build_base': '/home/yousef_elabd/gp_arm/build/gp_arm_moveit', 'catkin_cmake_args': None, 'catkin_skip_building_tests': False, 'cmake_args': None, 'cmake_clean_cache': False, 'cmake_clean_first': False, 'cmake_force_configure': False, 'cmake_target': None, 'cmake_target_skip_unavailable': False, 'install_base': '/home/yousef_elabd/gp_arm/install/gp_arm_moveit', 'merge_install': False, 'path': '/home/yousef_elabd/gp_arm/src/gp_arm_moveit', 'symlink_install': True, 'test_result_base': None}
[0.661s] INFO:colcon.colcon_core.executor:Executing jobs using 'parallel' executor
[0.663s] DEBUG:colcon.colcon_parallel_executor.executor.parallel:run_until_complete
[0.663s] INFO:colcon.colcon_ros.task.ament_python.build:Building ROS package in '/home/yousef_elabd/gp_arm/src/my_robotic_arm' with build type 'ament_python'
[0.663s] Level 1:colcon.colcon_core.shell:create_environment_hook('my_robotic_arm', 'ament_prefix_path')
[0.667s] INFO:colcon.colcon_core.plugin_system:Skipping extension 'colcon_core.shell.bat': Not used on non-Windows systems
[0.668s] INFO:colcon.colcon_core.shell:Creating environment hook '/home/yousef_elabd/gp_arm/install/my_robotic_arm/share/my_robotic_arm/hook/ament_prefix_path.ps1'
[0.669s] INFO:colcon.colcon_core.shell:Creating environment descriptor '/home/yousef_elabd/gp_arm/install/my_robotic_arm/share/my_robotic_arm/hook/ament_prefix_path.dsv'
[0.670s] INFO:colcon.colcon_core.shell:Creating environment hook '/home/yousef_elabd/gp_arm/install/my_robotic_arm/share/my_robotic_arm/hook/ament_prefix_path.sh'
[0.671s] INFO:colcon.colcon_core.shell:Skip shell extension 'powershell' for command environment: Not usable outside of PowerShell
[0.671s] DEBUG:colcon.colcon_core.shell:Skip shell extension 'dsv' for command environment
[1.029s] INFO:colcon.colcon_core.task.python.build:Building Python package in '/home/yousef_elabd/gp_arm/src/my_robotic_arm'
[1.030s] INFO:colcon.colcon_core.shell:Skip shell extension 'powershell' for command environment: Not usable outside of PowerShell
[1.030s] DEBUG:colcon.colcon_core.shell:Skip shell extension 'dsv' for command environment
[1.610s] DEBUG:colcon.colcon_core.event_handler.log_command:Invoking command in '/home/yousef_elabd/gp_arm/build/my_robotic_arm': PYTHONPATH=/home/yousef_elabd/gp_arm/build/my_robotic_arm/prefix_override:/usr/lib/python3/dist-packages/colcon_core/task/python/colcon_distutils_commands:/home/yousef_elabd/gp_arm/install/my_robotic_arm/lib/python3.10/site-packages:${PYTHONPATH} /usr/bin/python3 -W ignore:setup.py install is deprecated -W ignore:easy_install command is deprecated setup.py develop --editable --build-directory /home/yousef_elabd/gp_arm/build/my_robotic_arm/build --no-deps symlink_data
[2.291s] Level 1:colcon.colcon_core.shell:create_environment_hook('my_robotic_arm', 'pythonpath_develop')
[2.292s] INFO:colcon.colcon_core.shell:Creating environment hook '/home/yousef_elabd/gp_arm/build/my_robotic_arm/share/my_robotic_arm/hook/pythonpath_develop.ps1'
[2.293s] DEBUG:colcon.colcon_core.event_handler.log_command:Invoked command in '/home/yousef_elabd/gp_arm/build/my_robotic_arm' returned '0': PYTHONPATH=/home/yousef_elabd/gp_arm/build/my_robotic_arm/prefix_override:/usr/lib/python3/dist-packages/colcon_core/task/python/colcon_distutils_commands:/home/yousef_elabd/gp_arm/install/my_robotic_arm/lib/python3.10/site-packages:${PYTHONPATH} /usr/bin/python3 -W ignore:setup.py install is deprecated -W ignore:easy_install command is deprecated setup.py develop --editable --build-directory /home/yousef_elabd/gp_arm/build/my_robotic_arm/build --no-deps symlink_data
[2.293s] INFO:colcon.colcon_core.shell:Creating environment descriptor '/home/yousef_elabd/gp_arm/build/my_robotic_arm/share/my_robotic_arm/hook/pythonpath_develop.dsv'
[2.294s] INFO:colcon.colcon_core.shell:Creating environment hook '/home/yousef_elabd/gp_arm/build/my_robotic_arm/share/my_robotic_arm/hook/pythonpath_develop.sh'
[2.298s] Level 1:colcon.colcon_core.environment:checking '/home/yousef_elabd/gp_arm/install/my_robotic_arm' for CMake module files
[2.299s] Level 1:colcon.colcon_core.environment:checking '/home/yousef_elabd/gp_arm/install/my_robotic_arm' for CMake config files
[2.300s] Level 1:colcon.colcon_core.environment:checking '/home/yousef_elabd/gp_arm/install/my_robotic_arm/lib'
[2.300s] Level 1:colcon.colcon_core.environment:checking '/home/yousef_elabd/gp_arm/install/my_robotic_arm/bin'
[2.301s] Level 1:colcon.colcon_core.environment:checking '/home/yousef_elabd/gp_arm/install/my_robotic_arm/lib/pkgconfig/my_robotic_arm.pc'
[2.301s] Level 1:colcon.colcon_core.environment:checking '/home/yousef_elabd/gp_arm/install/my_robotic_arm/lib/python3.10/site-packages'
[2.301s] Level 1:colcon.colcon_core.shell:create_environment_hook('my_robotic_arm', 'pythonpath')
[2.301s] INFO:colcon.colcon_core.shell:Creating environment hook '/home/yousef_elabd/gp_arm/install/my_robotic_arm/share/my_robotic_arm/hook/pythonpath.ps1'
[2.302s] INFO:colcon.colcon_core.shell:Creating environment descriptor '/home/yousef_elabd/gp_arm/install/my_robotic_arm/share/my_robotic_arm/hook/pythonpath.dsv'
[2.303s] INFO:colcon.colcon_core.shell:Creating environment hook '/home/yousef_elabd/gp_arm/install/my_robotic_arm/share/my_robotic_arm/hook/pythonpath.sh'
[2.304s] Level 1:colcon.colcon_core.environment:checking '/home/yousef_elabd/gp_arm/install/my_robotic_arm/bin'
[2.305s] Level 1:colcon.colcon_core.environment:create_environment_scripts_only(my_robotic_arm)
[2.306s] INFO:colcon.colcon_core.shell:Creating package script '/home/yousef_elabd/gp_arm/install/my_robotic_arm/share/my_robotic_arm/package.ps1'
[2.308s] INFO:colcon.colcon_core.shell:Creating package descriptor '/home/yousef_elabd/gp_arm/install/my_robotic_arm/share/my_robotic_arm/package.dsv'
[2.310s] INFO:colcon.colcon_core.shell:Creating package script '/home/yousef_elabd/gp_arm/install/my_robotic_arm/share/my_robotic_arm/package.sh'
[2.311s] INFO:colcon.colcon_core.shell:Creating package script '/home/yousef_elabd/gp_arm/install/my_robotic_arm/share/my_robotic_arm/package.bash'
[2.312s] INFO:colcon.colcon_core.shell:Creating package script '/home/yousef_elabd/gp_arm/install/my_robotic_arm/share/my_robotic_arm/package.zsh'
[2.313s] Level 1:colcon.colcon_core.environment:create_file_with_runtime_dependencies(/home/yousef_elabd/gp_arm/install/my_robotic_arm/share/colcon-core/packages/my_robotic_arm)
[2.314s] INFO:colcon.colcon_ros.task.ament_cmake.build:Building ROS package in '/home/yousef_elabd/gp_arm/src/gp_arm_moveit' with build type 'ament_cmake'
[2.314s] INFO:colcon.colcon_cmake.task.cmake.build:Building CMake package in '/home/yousef_elabd/gp_arm/src/gp_arm_moveit'
[2.315s] INFO:colcon.colcon_core.shell:Skip shell extension 'powershell' for command environment: Not usable outside of PowerShell
[2.315s] DEBUG:colcon.colcon_core.shell:Skip shell extension 'dsv' for command environment
[2.396s] DEBUG:colcon.colcon_core.event_handler.log_command:Invoking command in '/home/yousef_elabd/gp_arm/build/gp_arm_moveit': AMENT_PREFIX_PATH=/home/yousef_elabd/gp_arm/install/my_robotic_arm:/home/yousef_elabd/gp_arm/install/pilz_industrial_motion_planner_testutils:/home/yousef_elabd/gp_arm/install/gp_arm_moveit:/home/yousef_elabd/gp_arm/install/moveit_planners:/home/yousef_elabd/gp_arm/install/pilz_industrial_motion_planner:/home/yousef_elabd/gp_arm/install/moveit_ros_control_interface:/home/yousef_elabd/gp_arm/install/moveit_plugins:/home/yousef_elabd/gp_arm/install/moveit_simple_controller_manager:/home/yousef_elabd/gp_arm/install/moveit_py:/home/yousef_elabd/gp_arm/install/moveit_ros_planning_interface:/home/yousef_elabd/gp_arm/install/moveit_ros_benchmarks:/home/yousef_elabd/gp_arm/install/moveit_ros_warehouse:/home/yousef_elabd/gp_arm/install/moveit_ros_robot_interaction:/home/yousef_elabd/gp_arm/install/moveit_ros_perception:/home/yousef_elabd/gp_arm/install/moveit_resources_prbt_pg70_support:/home/yousef_elabd/gp_arm/install/moveit_resources_prbt_moveit_config:/home/yousef_elabd/gp_arm/install/moveit_ros_move_group:/home/yousef_elabd/gp_arm/install/moveit_planners_ompl:/home/yousef_elabd/gp_arm/install/moveit_ros_planning:/home/yousef_elabd/gp_arm/install/moveit_ros_occupancy_map_monitor:/home/yousef_elabd/gp_arm/install/moveit_resources_prbt_support:/home/yousef_elabd/gp_arm/install/moveit_resources_prbt_ikfast_manipulator_plugin:/home/yousef_elabd/gp_arm/install/moveit_planners_chomp:/home/yousef_elabd/gp_arm/install/moveit_kinematics:/home/yousef_elabd/gp_arm/install/moveit_chomp_optimizer_adapter:/home/yousef_elabd/gp_arm/install/chomp_motion_planner:/home/yousef_elabd/gp_arm/install/moveit_core:/home/yousef_elabd/gp_arm/install/moveit_configs_utils:/home/yousef_elabd/gp_arm/install/moveit_common:/opt/ros/humble CMAKE_PREFIX_PATH=${CMAKE_PREFIX_PATH}:/home/yousef_elabd/gp_arm/install/my_robotic_arm:/home/yousef_elabd/gp_arm/install/moveit_configs_utils:/opt/ros/humble /usr/bin/cmake --build /home/yousef_elabd/gp_arm/build/gp_arm_moveit -- -j24 -l24
[2.465s] DEBUG:colcon.colcon_core.event_handler.log_command:Invoked command in '/home/yousef_elabd/gp_arm/build/gp_arm_moveit' returned '0': AMENT_PREFIX_PATH=/home/yousef_elabd/gp_arm/install/my_robotic_arm:/home/yousef_elabd/gp_arm/install/pilz_industrial_motion_planner_testutils:/home/yousef_elabd/gp_arm/install/gp_arm_moveit:/home/yousef_elabd/gp_arm/install/moveit_planners:/home/yousef_elabd/gp_arm/install/pilz_industrial_motion_planner:/home/yousef_elabd/gp_arm/install/moveit_ros_control_interface:/home/yousef_elabd/gp_arm/install/moveit_plugins:/home/yousef_elabd/gp_arm/install/moveit_simple_controller_manager:/home/yousef_elabd/gp_arm/install/moveit_py:/home/yousef_elabd/gp_arm/install/moveit_ros_planning_interface:/home/yousef_elabd/gp_arm/install/moveit_ros_benchmarks:/home/yousef_elabd/gp_arm/install/moveit_ros_warehouse:/home/yousef_elabd/gp_arm/install/moveit_ros_robot_interaction:/home/yousef_elabd/gp_arm/install/moveit_ros_perception:/home/yousef_elabd/gp_arm/install/moveit_resources_prbt_pg70_support:/home/yousef_elabd/gp_arm/install/moveit_resources_prbt_moveit_config:/home/yousef_elabd/gp_arm/install/moveit_ros_move_group:/home/yousef_elabd/gp_arm/install/moveit_planners_ompl:/home/yousef_elabd/gp_arm/install/moveit_ros_planning:/home/yousef_elabd/gp_arm/install/moveit_ros_occupancy_map_monitor:/home/yousef_elabd/gp_arm/install/moveit_resources_prbt_support:/home/yousef_elabd/gp_arm/install/moveit_resources_prbt_ikfast_manipulator_plugin:/home/yousef_elabd/gp_arm/install/moveit_planners_chomp:/home/yousef_elabd/gp_arm/install/moveit_kinematics:/home/yousef_elabd/gp_arm/install/moveit_chomp_optimizer_adapter:/home/yousef_elabd/gp_arm/install/chomp_motion_planner:/home/yousef_elabd/gp_arm/install/moveit_core:/home/yousef_elabd/gp_arm/install/moveit_configs_utils:/home/yousef_elabd/gp_arm/install/moveit_common:/opt/ros/humble CMAKE_PREFIX_PATH=${CMAKE_PREFIX_PATH}:/home/yousef_elabd/gp_arm/install/my_robotic_arm:/home/yousef_elabd/gp_arm/install/moveit_configs_utils:/opt/ros/humble /usr/bin/cmake --build /home/yousef_elabd/gp_arm/build/gp_arm_moveit -- -j24 -l24
[2.481s] DEBUG:colcon.colcon_core.event_handler.log_command:Invoking command in '/home/yousef_elabd/gp_arm/build/gp_arm_moveit': AMENT_PREFIX_PATH=/home/yousef_elabd/gp_arm/install/my_robotic_arm:/home/yousef_elabd/gp_arm/install/pilz_industrial_motion_planner_testutils:/home/yousef_elabd/gp_arm/install/gp_arm_moveit:/home/yousef_elabd/gp_arm/install/moveit_planners:/home/yousef_elabd/gp_arm/install/pilz_industrial_motion_planner:/home/yousef_elabd/gp_arm/install/moveit_ros_control_interface:/home/yousef_elabd/gp_arm/install/moveit_plugins:/home/yousef_elabd/gp_arm/install/moveit_simple_controller_manager:/home/yousef_elabd/gp_arm/install/moveit_py:/home/yousef_elabd/gp_arm/install/moveit_ros_planning_interface:/home/yousef_elabd/gp_arm/install/moveit_ros_benchmarks:/home/yousef_elabd/gp_arm/install/moveit_ros_warehouse:/home/yousef_elabd/gp_arm/install/moveit_ros_robot_interaction:/home/yousef_elabd/gp_arm/install/moveit_ros_perception:/home/yousef_elabd/gp_arm/install/moveit_resources_prbt_pg70_support:/home/yousef_elabd/gp_arm/install/moveit_resources_prbt_moveit_config:/home/yousef_elabd/gp_arm/install/moveit_ros_move_group:/home/yousef_elabd/gp_arm/install/moveit_planners_ompl:/home/yousef_elabd/gp_arm/install/moveit_ros_planning:/home/yousef_elabd/gp_arm/install/moveit_ros_occupancy_map_monitor:/home/yousef_elabd/gp_arm/install/moveit_resources_prbt_support:/home/yousef_elabd/gp_arm/install/moveit_resources_prbt_ikfast_manipulator_plugin:/home/yousef_elabd/gp_arm/install/moveit_planners_chomp:/home/yousef_elabd/gp_arm/install/moveit_kinematics:/home/yousef_elabd/gp_arm/install/moveit_chomp_optimizer_adapter:/home/yousef_elabd/gp_arm/install/chomp_motion_planner:/home/yousef_elabd/gp_arm/install/moveit_core:/home/yousef_elabd/gp_arm/install/moveit_configs_utils:/home/yousef_elabd/gp_arm/install/moveit_common:/opt/ros/humble CMAKE_PREFIX_PATH=${CMAKE_PREFIX_PATH}:/home/yousef_elabd/gp_arm/install/my_robotic_arm:/home/yousef_elabd/gp_arm/install/moveit_configs_utils:/opt/ros/humble /usr/bin/cmake --install /home/yousef_elabd/gp_arm/build/gp_arm_moveit
[2.519s] Level 1:colcon.colcon_core.environment:create_environment_scripts_only(gp_arm_moveit)
[2.520s] Level 1:colcon.colcon_core.environment:checking '/home/yousef_elabd/gp_arm/install/gp_arm_moveit' for CMake module files
[2.520s] DEBUG:colcon.colcon_core.event_handler.log_command:Invoked command in '/home/yousef_elabd/gp_arm/build/gp_arm_moveit' returned '0': AMENT_PREFIX_PATH=/home/yousef_elabd/gp_arm/install/my_robotic_arm:/home/yousef_elabd/gp_arm/install/pilz_industrial_motion_planner_testutils:/home/yousef_elabd/gp_arm/install/gp_arm_moveit:/home/yousef_elabd/gp_arm/install/moveit_planners:/home/yousef_elabd/gp_arm/install/pilz_industrial_motion_planner:/home/yousef_elabd/gp_arm/install/moveit_ros_control_interface:/home/yousef_elabd/gp_arm/install/moveit_plugins:/home/yousef_elabd/gp_arm/install/moveit_simple_controller_manager:/home/yousef_elabd/gp_arm/install/moveit_py:/home/yousef_elabd/gp_arm/install/moveit_ros_planning_interface:/home/yousef_elabd/gp_arm/install/moveit_ros_benchmarks:/home/yousef_elabd/gp_arm/install/moveit_ros_warehouse:/home/yousef_elabd/gp_arm/install/moveit_ros_robot_interaction:/home/yousef_elabd/gp_arm/install/moveit_ros_perception:/home/yousef_elabd/gp_arm/install/moveit_resources_prbt_pg70_support:/home/yousef_elabd/gp_arm/install/moveit_resources_prbt_moveit_config:/home/yousef_elabd/gp_arm/install/moveit_ros_move_group:/home/yousef_elabd/gp_arm/install/moveit_planners_ompl:/home/yousef_elabd/gp_arm/install/moveit_ros_planning:/home/yousef_elabd/gp_arm/install/moveit_ros_occupancy_map_monitor:/home/yousef_elabd/gp_arm/install/moveit_resources_prbt_support:/home/yousef_elabd/gp_arm/install/moveit_resources_prbt_ikfast_manipulator_plugin:/home/yousef_elabd/gp_arm/install/moveit_planners_chomp:/home/yousef_elabd/gp_arm/install/moveit_kinematics:/home/yousef_elabd/gp_arm/install/moveit_chomp_optimizer_adapter:/home/yousef_elabd/gp_arm/install/chomp_motion_planner:/home/yousef_elabd/gp_arm/install/moveit_core:/home/yousef_elabd/gp_arm/install/moveit_configs_utils:/home/yousef_elabd/gp_arm/install/moveit_common:/opt/ros/humble CMAKE_PREFIX_PATH=${CMAKE_PREFIX_PATH}:/home/yousef_elabd/gp_arm/install/my_robotic_arm:/home/yousef_elabd/gp_arm/install/moveit_configs_utils:/opt/ros/humble /usr/bin/cmake --install /home/yousef_elabd/gp_arm/build/gp_arm_moveit
[2.521s] Level 1:colcon.colcon_core.environment:checking '/home/yousef_elabd/gp_arm/install/gp_arm_moveit' for CMake config files
[2.522s] Level 1:colcon.colcon_core.shell:create_environment_hook('gp_arm_moveit', 'cmake_prefix_path')
[2.522s] INFO:colcon.colcon_core.shell:Creating environment hook '/home/yousef_elabd/gp_arm/install/gp_arm_moveit/share/gp_arm_moveit/hook/cmake_prefix_path.ps1'
[2.523s] INFO:colcon.colcon_core.shell:Creating environment descriptor '/home/yousef_elabd/gp_arm/install/gp_arm_moveit/share/gp_arm_moveit/hook/cmake_prefix_path.dsv'
[2.524s] INFO:colcon.colcon_core.shell:Creating environment hook '/home/yousef_elabd/gp_arm/install/gp_arm_moveit/share/gp_arm_moveit/hook/cmake_prefix_path.sh'
[2.525s] Level 1:colcon.colcon_core.environment:checking '/home/yousef_elabd/gp_arm/install/gp_arm_moveit/bin'
[2.525s] Level 1:colcon.colcon_core.environment:checking '/home/yousef_elabd/gp_arm/install/gp_arm_moveit/lib/pkgconfig/gp_arm_moveit.pc'
[2.525s] Level 1:colcon.colcon_core.environment:checking '/home/yousef_elabd/gp_arm/install/gp_arm_moveit/lib/python3.10/site-packages'
[2.526s] Level 1:colcon.colcon_core.environment:checking '/home/yousef_elabd/gp_arm/install/gp_arm_moveit/bin'
[2.526s] INFO:colcon.colcon_core.shell:Creating package script '/home/yousef_elabd/gp_arm/install/gp_arm_moveit/share/gp_arm_moveit/package.ps1'
[2.527s] INFO:colcon.colcon_core.shell:Creating package descriptor '/home/yousef_elabd/gp_arm/install/gp_arm_moveit/share/gp_arm_moveit/package.dsv'
[2.528s] INFO:colcon.colcon_core.shell:Creating package script '/home/yousef_elabd/gp_arm/install/gp_arm_moveit/share/gp_arm_moveit/package.sh'
[2.528s] INFO:colcon.colcon_core.shell:Creating package script '/home/yousef_elabd/gp_arm/install/gp_arm_moveit/share/gp_arm_moveit/package.bash'
[2.529s] INFO:colcon.colcon_core.shell:Creating package script '/home/yousef_elabd/gp_arm/install/gp_arm_moveit/share/gp_arm_moveit/package.zsh'
[2.529s] Level 1:colcon.colcon_core.environment:create_file_with_runtime_dependencies(/home/yousef_elabd/gp_arm/install/gp_arm_moveit/share/colcon-core/packages/gp_arm_moveit)
[2.530s] Level 1:colcon.colcon_core.environment:create_environment_scripts_only(gp_arm_moveit)
[2.530s] Level 1:colcon.colcon_core.environment:checking '/home/yousef_elabd/gp_arm/install/gp_arm_moveit' for CMake module files
[2.531s] Level 1:colcon.colcon_core.environment:checking '/home/yousef_elabd/gp_arm/install/gp_arm_moveit' for CMake config files
[2.532s] Level 1:colcon.colcon_core.shell:create_environment_hook('gp_arm_moveit', 'cmake_prefix_path')
[2.532s] INFO:colcon.colcon_core.shell:Creating environment hook '/home/yousef_elabd/gp_arm/install/gp_arm_moveit/share/gp_arm_moveit/hook/cmake_prefix_path.ps1'
[2.553s] INFO:colcon.colcon_core.shell:Creating environment descriptor '/home/yousef_elabd/gp_arm/install/gp_arm_moveit/share/gp_arm_moveit/hook/cmake_prefix_path.dsv'
[2.554s] INFO:colcon.colcon_core.shell:Creating environment hook '/home/yousef_elabd/gp_arm/install/gp_arm_moveit/share/gp_arm_moveit/hook/cmake_prefix_path.sh'
[2.555s] Level 1:colcon.colcon_core.environment:checking '/home/yousef_elabd/gp_arm/install/gp_arm_moveit/bin'
[2.555s] Level 1:colcon.colcon_core.environment:checking '/home/yousef_elabd/gp_arm/install/gp_arm_moveit/lib/pkgconfig/gp_arm_moveit.pc'
[2.555s] Level 1:colcon.colcon_core.environment:checking '/home/yousef_elabd/gp_arm/install/gp_arm_moveit/lib/python3.10/site-packages'
[2.556s] Level 1:colcon.colcon_core.environment:checking '/home/yousef_elabd/gp_arm/install/gp_arm_moveit/bin'
[2.556s] INFO:colcon.colcon_core.shell:Creating package script '/home/yousef_elabd/gp_arm/install/gp_arm_moveit/share/gp_arm_moveit/package.ps1'
[2.557s] INFO:colcon.colcon_core.shell:Creating package descriptor '/home/yousef_elabd/gp_arm/install/gp_arm_moveit/share/gp_arm_moveit/package.dsv'
[2.558s] INFO:colcon.colcon_core.shell:Creating package script '/home/yousef_elabd/gp_arm/install/gp_arm_moveit/share/gp_arm_moveit/package.sh'
[2.558s] INFO:colcon.colcon_core.shell:Creating package script '/home/yousef_elabd/gp_arm/install/gp_arm_moveit/share/gp_arm_moveit/package.bash'
[2.559s] INFO:colcon.colcon_core.shell:Creating package script '/home/yousef_elabd/gp_arm/install/gp_arm_moveit/share/gp_arm_moveit/package.zsh'
[2.560s] Level 1:colcon.colcon_core.environment:create_file_with_runtime_dependencies(/home/yousef_elabd/gp_arm/install/gp_arm_moveit/share/colcon-core/packages/gp_arm_moveit)
[2.560s] DEBUG:colcon.colcon_parallel_executor.executor.parallel:closing loop
[2.560s] DEBUG:colcon.colcon_parallel_executor.executor.parallel:loop closed
[2.561s] DEBUG:colcon.colcon_parallel_executor.executor.parallel:run_until_complete finished with '0'
[2.561s] DEBUG:colcon.colcon_core.event_reactor:joining thread
[2.593s] INFO:colcon.colcon_core.plugin_system:Skipping extension 'colcon_notification.desktop_notification.notify_send': Could not find 'notify-send'
[2.593s] INFO:colcon.colcon_core.plugin_system:Skipping extension 'colcon_notification.desktop_notification.terminal_notifier': Not used on non-Darwin systems
[2.593s] INFO:colcon.colcon_core.plugin_system:Skipping extension 'colcon_notification.desktop_notification.win32': Not used on non-Windows systems
[2.593s] INFO:colcon.colcon_notification.desktop_notification:Sending desktop notification using 'notify2'
[2.593s] DEBUG:colcon.colcon_notification.desktop_notification.notify2:Failed to initialize notify2: org.freedesktop.DBus.Error.FileNotFound: Failed to connect to socket /run/user/1000/bus: No such file or directory
[2.593s] DEBUG:colcon.colcon_core.event_reactor:joined thread
[2.594s] INFO:colcon.colcon_core.shell:Creating prefix script '/home/yousef_elabd/gp_arm/install/local_setup.ps1'
[2.596s] INFO:colcon.colcon_core.shell:Creating prefix util module '/home/yousef_elabd/gp_arm/install/_local_setup_util_ps1.py'
[2.597s] INFO:colcon.colcon_core.shell:Creating prefix chain script '/home/yousef_elabd/gp_arm/install/setup.ps1'
[2.599s] INFO:colcon.colcon_core.shell:Creating prefix script '/home/yousef_elabd/gp_arm/install/local_setup.sh'
[2.600s] INFO:colcon.colcon_core.shell:Creating prefix util module '/home/yousef_elabd/gp_arm/install/_local_setup_util_sh.py'
[2.601s] INFO:colcon.colcon_core.shell:Creating prefix chain script '/home/yousef_elabd/gp_arm/install/setup.sh'
[2.603s] INFO:colcon.colcon_core.shell:Creating prefix script '/home/yousef_elabd/gp_arm/install/local_setup.bash'
[2.603s] INFO:colcon.colcon_core.shell:Creating prefix chain script '/home/yousef_elabd/gp_arm/install/setup.bash'
[2.605s] INFO:colcon.colcon_core.shell:Creating prefix script '/home/yousef_elabd/gp_arm/install/local_setup.zsh'
[2.605s] INFO:colcon.colcon_core.shell:Creating prefix chain script '/home/yousef_elabd/gp_arm/install/setup.zsh'
