[0.841s] Invoking command in '/home/yousef_elabd/gp_arm/build/my_robotic_arm': PYTHONPATH=/home/yousef_elabd/gp_arm/build/my_robotic_arm/prefix_override:/usr/lib/python3/dist-packages/colcon_core/task/python/colcon_distutils_commands:/home/yousef_elabd/gp_arm/install/my_robotic_arm/lib/python3.10/site-packages:${PYTHONPATH} /usr/bin/python3 -W ignore:setup.py install is deprecated -W ignore:easy_install command is deprecated setup.py develop --editable --build-directory /home/yousef_elabd/gp_arm/build/my_robotic_arm/build --no-deps symlink_data --force
[1.089s] running develop
[1.222s] running egg_info
[1.223s] writing my_robotic_arm.egg-info/PKG-INFO
[1.223s] writing dependency_links to my_robotic_arm.egg-info/dependency_links.txt
[1.224s] writing entry points to my_robotic_arm.egg-info/entry_points.txt
[1.224s] writing requirements to my_robotic_arm.egg-info/requires.txt
[1.225s] writing top-level names to my_robotic_arm.egg-info/top_level.txt
[1.227s] reading manifest file 'my_robotic_arm.egg-info/SOURCES.txt'
[1.229s] writing manifest file 'my_robotic_arm.egg-info/SOURCES.txt'
[1.230s] running build_ext
[1.230s] Creating /home/yousef_elabd/gp_arm/install/my_robotic_arm/lib/python3.10/site-packages/my-robotic-arm.egg-link (link to .)
[1.231s] Installing arm_ik_solver script to /home/yousef_elabd/gp_arm/install/my_robotic_arm/lib/my_robotic_arm
[1.231s] Installing arm_mover_node script to /home/yousef_elabd/gp_arm/install/my_robotic_arm/lib/my_robotic_arm
[1.231s] Installing point_extractor script to /home/yousef_elabd/gp_arm/install/my_robotic_arm/lib/my_robotic_arm
[1.232s] 
[1.232s] Installed /home/yousef_elabd/gp_arm/build/my_robotic_arm
[1.232s] running symlink_data
[1.232s] symbolically linking /home/yousef_elabd/gp_arm/build/my_robotic_arm/resource/my_robotic_arm -> /home/yousef_elabd/gp_arm/install/my_robotic_arm/share/ament_index/resource_index/packages
[1.233s] symbolically linking /home/yousef_elabd/gp_arm/build/my_robotic_arm/package.xml -> /home/yousef_elabd/gp_arm/install/my_robotic_arm/share/my_robotic_arm
[1.233s] symbolically linking /home/yousef_elabd/gp_arm/build/my_robotic_arm/launch/complete_launch.py -> /home/yousef_elabd/gp_arm/install/my_robotic_arm/share/my_robotic_arm/launch
[1.234s] symbolically linking /home/yousef_elabd/gp_arm/build/my_robotic_arm/urdf/config_arm_robot.urdf -> /home/yousef_elabd/gp_arm/install/my_robotic_arm/share/my_robotic_arm/urdf
[1.235s] symbolically linking /home/yousef_elabd/gp_arm/build/my_robotic_arm/urdf/config_arm_robot.csv:Zone.Identifier -> /home/yousef_elabd/gp_arm/install/my_robotic_arm/share/my_robotic_arm/urdf
[1.235s] symbolically linking /home/yousef_elabd/gp_arm/build/my_robotic_arm/urdf/config_arm_robot.urdf:Zone.Identifier -> /home/yousef_elabd/gp_arm/install/my_robotic_arm/share/my_robotic_arm/urdf
[1.235s] symbolically linking /home/yousef_elabd/gp_arm/build/my_robotic_arm/urdf/config_arm_robot.csv -> /home/yousef_elabd/gp_arm/install/my_robotic_arm/share/my_robotic_arm/urdf
[1.235s] symbolically linking /home/yousef_elabd/gp_arm/build/my_robotic_arm/meshes/j4_arm_link.STL:Zone.Identifier -> /home/yousef_elabd/gp_arm/install/my_robotic_arm/share/my_robotic_arm/meshes
[1.236s] symbolically linking /home/yousef_elabd/gp_arm/build/my_robotic_arm/meshes/j3_arm_link.stl -> /home/yousef_elabd/gp_arm/install/my_robotic_arm/share/my_robotic_arm/meshes
[1.236s] symbolically linking /home/yousef_elabd/gp_arm/build/my_robotic_arm/meshes/j1_arm_link.STL:Zone.Identifier -> /home/yousef_elabd/gp_arm/install/my_robotic_arm/share/my_robotic_arm/meshes
[1.236s] symbolically linking /home/yousef_elabd/gp_arm/build/my_robotic_arm/meshes/j1_arm_link.stl -> /home/yousef_elabd/gp_arm/install/my_robotic_arm/share/my_robotic_arm/meshes
[1.236s] symbolically linking /home/yousef_elabd/gp_arm/build/my_robotic_arm/meshes/Arm_base_link.STL:Zone.Identifier -> /home/yousef_elabd/gp_arm/install/my_robotic_arm/share/my_robotic_arm/meshes
[1.237s] symbolically linking /home/yousef_elabd/gp_arm/build/my_robotic_arm/meshes/base_link.STL:Zone.Identifier -> /home/yousef_elabd/gp_arm/install/my_robotic_arm/share/my_robotic_arm/meshes
[1.237s] symbolically linking /home/yousef_elabd/gp_arm/build/my_robotic_arm/meshes/j5_arm_link.STL:Zone.Identifier -> /home/yousef_elabd/gp_arm/install/my_robotic_arm/share/my_robotic_arm/meshes
[1.237s] symbolically linking /home/yousef_elabd/gp_arm/build/my_robotic_arm/meshes/j2_arm_link.stl -> /home/yousef_elabd/gp_arm/install/my_robotic_arm/share/my_robotic_arm/meshes
[1.237s] symbolically linking /home/yousef_elabd/gp_arm/build/my_robotic_arm/meshes/j2_arm_link.STL:Zone.Identifier -> /home/yousef_elabd/gp_arm/install/my_robotic_arm/share/my_robotic_arm/meshes
[1.238s] symbolically linking /home/yousef_elabd/gp_arm/build/my_robotic_arm/meshes/Arm_base_link.stl -> /home/yousef_elabd/gp_arm/install/my_robotic_arm/share/my_robotic_arm/meshes
[1.238s] symbolically linking /home/yousef_elabd/gp_arm/build/my_robotic_arm/meshes/base_link.stl -> /home/yousef_elabd/gp_arm/install/my_robotic_arm/share/my_robotic_arm/meshes
[1.238s] symbolically linking /home/yousef_elabd/gp_arm/build/my_robotic_arm/meshes/j3_arm_link.STL:Zone.Identifier -> /home/yousef_elabd/gp_arm/install/my_robotic_arm/share/my_robotic_arm/meshes
[1.238s] symbolically linking /home/yousef_elabd/gp_arm/build/my_robotic_arm/meshes/j5_arm_link.stl -> /home/yousef_elabd/gp_arm/install/my_robotic_arm/share/my_robotic_arm/meshes
[1.238s] symbolically linking /home/yousef_elabd/gp_arm/build/my_robotic_arm/meshes/j4_arm_link.stl -> /home/yousef_elabd/gp_arm/install/my_robotic_arm/share/my_robotic_arm/meshes
[1.239s] symbolically linking /home/yousef_elabd/gp_arm/build/my_robotic_arm/meshes/j6_arm_link.STL:Zone.Identifier -> /home/yousef_elabd/gp_arm/install/my_robotic_arm/share/my_robotic_arm/meshes
[1.239s] symbolically linking /home/yousef_elabd/gp_arm/build/my_robotic_arm/meshes/j6_arm_link.stl -> /home/yousef_elabd/gp_arm/install/my_robotic_arm/share/my_robotic_arm/meshes
[1.267s] Invoked command in '/home/yousef_elabd/gp_arm/build/my_robotic_arm' returned '0': PYTHONPATH=/home/yousef_elabd/gp_arm/build/my_robotic_arm/prefix_override:/usr/lib/python3/dist-packages/colcon_core/task/python/colcon_distutils_commands:/home/yousef_elabd/gp_arm/install/my_robotic_arm/lib/python3.10/site-packages:${PYTHONPATH} /usr/bin/python3 -W ignore:setup.py install is deprecated -W ignore:easy_install command is deprecated setup.py develop --editable --build-directory /home/yousef_elabd/gp_arm/build/my_robotic_arm/build --no-deps symlink_data --force
