[0.081s] Invoking command in '/home/yousef_elabd/gp_arm/build/gp_arm_moveit': AMENT_PREFIX_PATH=/home/yousef_elabd/gp_arm/install/my_robotic_arm:/home/yousef_elabd/gp_arm/install/pilz_industrial_motion_planner_testutils:/home/yousef_elabd/gp_arm/install/gp_arm_moveit:/home/yousef_elabd/gp_arm/install/moveit_planners:/home/yousef_elabd/gp_arm/install/pilz_industrial_motion_planner:/home/yousef_elabd/gp_arm/install/moveit_ros_control_interface:/home/yousef_elabd/gp_arm/install/moveit_plugins:/home/yousef_elabd/gp_arm/install/moveit_simple_controller_manager:/home/yousef_elabd/gp_arm/install/moveit_py:/home/yousef_elabd/gp_arm/install/moveit_ros_planning_interface:/home/yousef_elabd/gp_arm/install/moveit_ros_benchmarks:/home/yousef_elabd/gp_arm/install/moveit_ros_warehouse:/home/yousef_elabd/gp_arm/install/moveit_ros_robot_interaction:/home/yousef_elabd/gp_arm/install/moveit_ros_perception:/home/yousef_elabd/gp_arm/install/moveit_resources_prbt_pg70_support:/home/yousef_elabd/gp_arm/install/moveit_resources_prbt_moveit_config:/home/yousef_elabd/gp_arm/install/moveit_ros_move_group:/home/yousef_elabd/gp_arm/install/moveit_planners_ompl:/home/yousef_elabd/gp_arm/install/moveit_ros_planning:/home/yousef_elabd/gp_arm/install/moveit_ros_occupancy_map_monitor:/home/yousef_elabd/gp_arm/install/moveit_resources_prbt_support:/home/yousef_elabd/gp_arm/install/moveit_resources_prbt_ikfast_manipulator_plugin:/home/yousef_elabd/gp_arm/install/moveit_planners_chomp:/home/yousef_elabd/gp_arm/install/moveit_kinematics:/home/yousef_elabd/gp_arm/install/moveit_chomp_optimizer_adapter:/home/yousef_elabd/gp_arm/install/chomp_motion_planner:/home/yousef_elabd/gp_arm/install/moveit_core:/home/yousef_elabd/gp_arm/install/moveit_configs_utils:/home/yousef_elabd/gp_arm/install/moveit_common:/opt/ros/humble CMAKE_PREFIX_PATH=${CMAKE_PREFIX_PATH}:/home/yousef_elabd/gp_arm/install/my_robotic_arm:/home/yousef_elabd/gp_arm/install/moveit_configs_utils:/opt/ros/humble /usr/bin/cmake /home/yousef_elabd/gp_arm/src/gp_arm_moveit -DAMENT_CMAKE_SYMLINK_INSTALL=1 -DCMAKE_INSTALL_PREFIX=/home/yousef_elabd/gp_arm/install/gp_arm_moveit
[0.207s] -- The C compiler identification is GNU 11.4.0
[0.453s] -- The CXX compiler identification is GNU 11.4.0
[0.605s] -- Detecting C compiler ABI info
[0.758s] -- Detecting C compiler ABI info - done
[0.769s] -- Check for working C compiler: /usr/bin/cc - skipped
[0.769s] -- Detecting C compile features
[0.770s] -- Detecting C compile features - done
[0.774s] -- Detecting CXX compiler ABI info
[0.952s] -- Detecting CXX compiler ABI info - done
[0.966s] -- Check for working CXX compiler: /usr/bin/c++ - skipped
[0.966s] -- Detecting CXX compile features
[0.968s] -- Detecting CXX compile features - done
[0.971s] -- Found ament_cmake: 1.3.14 (/opt/ros/humble/share/ament_cmake/cmake)
[1.211s] -- Found Python3: /usr/bin/python3 (found version "3.10.12") found components: Interpreter 
[1.321s] -- Override CMake install command with custom implementation using symlinks instead of copying resources
[1.482s] -- Configuring done
[1.489s] -- Generating done
[1.492s] -- Build files have been written to: /home/yousef_elabd/gp_arm/build/gp_arm_moveit
[1.510s] Invoked command in '/home/yousef_elabd/gp_arm/build/gp_arm_moveit' returned '0': AMENT_PREFIX_PATH=/home/yousef_elabd/gp_arm/install/my_robotic_arm:/home/yousef_elabd/gp_arm/install/pilz_industrial_motion_planner_testutils:/home/yousef_elabd/gp_arm/install/gp_arm_moveit:/home/yousef_elabd/gp_arm/install/moveit_planners:/home/yousef_elabd/gp_arm/install/pilz_industrial_motion_planner:/home/yousef_elabd/gp_arm/install/moveit_ros_control_interface:/home/yousef_elabd/gp_arm/install/moveit_plugins:/home/yousef_elabd/gp_arm/install/moveit_simple_controller_manager:/home/yousef_elabd/gp_arm/install/moveit_py:/home/yousef_elabd/gp_arm/install/moveit_ros_planning_interface:/home/yousef_elabd/gp_arm/install/moveit_ros_benchmarks:/home/yousef_elabd/gp_arm/install/moveit_ros_warehouse:/home/yousef_elabd/gp_arm/install/moveit_ros_robot_interaction:/home/yousef_elabd/gp_arm/install/moveit_ros_perception:/home/yousef_elabd/gp_arm/install/moveit_resources_prbt_pg70_support:/home/yousef_elabd/gp_arm/install/moveit_resources_prbt_moveit_config:/home/yousef_elabd/gp_arm/install/moveit_ros_move_group:/home/yousef_elabd/gp_arm/install/moveit_planners_ompl:/home/yousef_elabd/gp_arm/install/moveit_ros_planning:/home/yousef_elabd/gp_arm/install/moveit_ros_occupancy_map_monitor:/home/yousef_elabd/gp_arm/install/moveit_resources_prbt_support:/home/yousef_elabd/gp_arm/install/moveit_resources_prbt_ikfast_manipulator_plugin:/home/yousef_elabd/gp_arm/install/moveit_planners_chomp:/home/yousef_elabd/gp_arm/install/moveit_kinematics:/home/yousef_elabd/gp_arm/install/moveit_chomp_optimizer_adapter:/home/yousef_elabd/gp_arm/install/chomp_motion_planner:/home/yousef_elabd/gp_arm/install/moveit_core:/home/yousef_elabd/gp_arm/install/moveit_configs_utils:/home/yousef_elabd/gp_arm/install/moveit_common:/opt/ros/humble CMAKE_PREFIX_PATH=${CMAKE_PREFIX_PATH}:/home/yousef_elabd/gp_arm/install/my_robotic_arm:/home/yousef_elabd/gp_arm/install/moveit_configs_utils:/opt/ros/humble /usr/bin/cmake /home/yousef_elabd/gp_arm/src/gp_arm_moveit -DAMENT_CMAKE_SYMLINK_INSTALL=1 -DCMAKE_INSTALL_PREFIX=/home/yousef_elabd/gp_arm/install/gp_arm_moveit
[1.511s] Invoking command in '/home/yousef_elabd/gp_arm/build/gp_arm_moveit': AMENT_PREFIX_PATH=/home/yousef_elabd/gp_arm/install/my_robotic_arm:/home/yousef_elabd/gp_arm/install/pilz_industrial_motion_planner_testutils:/home/yousef_elabd/gp_arm/install/gp_arm_moveit:/home/yousef_elabd/gp_arm/install/moveit_planners:/home/yousef_elabd/gp_arm/install/pilz_industrial_motion_planner:/home/yousef_elabd/gp_arm/install/moveit_ros_control_interface:/home/yousef_elabd/gp_arm/install/moveit_plugins:/home/yousef_elabd/gp_arm/install/moveit_simple_controller_manager:/home/yousef_elabd/gp_arm/install/moveit_py:/home/yousef_elabd/gp_arm/install/moveit_ros_planning_interface:/home/yousef_elabd/gp_arm/install/moveit_ros_benchmarks:/home/yousef_elabd/gp_arm/install/moveit_ros_warehouse:/home/yousef_elabd/gp_arm/install/moveit_ros_robot_interaction:/home/yousef_elabd/gp_arm/install/moveit_ros_perception:/home/yousef_elabd/gp_arm/install/moveit_resources_prbt_pg70_support:/home/yousef_elabd/gp_arm/install/moveit_resources_prbt_moveit_config:/home/yousef_elabd/gp_arm/install/moveit_ros_move_group:/home/yousef_elabd/gp_arm/install/moveit_planners_ompl:/home/yousef_elabd/gp_arm/install/moveit_ros_planning:/home/yousef_elabd/gp_arm/install/moveit_ros_occupancy_map_monitor:/home/yousef_elabd/gp_arm/install/moveit_resources_prbt_support:/home/yousef_elabd/gp_arm/install/moveit_resources_prbt_ikfast_manipulator_plugin:/home/yousef_elabd/gp_arm/install/moveit_planners_chomp:/home/yousef_elabd/gp_arm/install/moveit_kinematics:/home/yousef_elabd/gp_arm/install/moveit_chomp_optimizer_adapter:/home/yousef_elabd/gp_arm/install/chomp_motion_planner:/home/yousef_elabd/gp_arm/install/moveit_core:/home/yousef_elabd/gp_arm/install/moveit_configs_utils:/home/yousef_elabd/gp_arm/install/moveit_common:/opt/ros/humble CMAKE_PREFIX_PATH=${CMAKE_PREFIX_PATH}:/home/yousef_elabd/gp_arm/install/my_robotic_arm:/home/yousef_elabd/gp_arm/install/moveit_configs_utils:/opt/ros/humble /usr/bin/cmake --build /home/yousef_elabd/gp_arm/build/gp_arm_moveit -- -j24 -l24
[1.570s] Invoked command in '/home/yousef_elabd/gp_arm/build/gp_arm_moveit' returned '0': AMENT_PREFIX_PATH=/home/yousef_elabd/gp_arm/install/my_robotic_arm:/home/yousef_elabd/gp_arm/install/pilz_industrial_motion_planner_testutils:/home/yousef_elabd/gp_arm/install/gp_arm_moveit:/home/yousef_elabd/gp_arm/install/moveit_planners:/home/yousef_elabd/gp_arm/install/pilz_industrial_motion_planner:/home/yousef_elabd/gp_arm/install/moveit_ros_control_interface:/home/yousef_elabd/gp_arm/install/moveit_plugins:/home/yousef_elabd/gp_arm/install/moveit_simple_controller_manager:/home/yousef_elabd/gp_arm/install/moveit_py:/home/yousef_elabd/gp_arm/install/moveit_ros_planning_interface:/home/yousef_elabd/gp_arm/install/moveit_ros_benchmarks:/home/yousef_elabd/gp_arm/install/moveit_ros_warehouse:/home/yousef_elabd/gp_arm/install/moveit_ros_robot_interaction:/home/yousef_elabd/gp_arm/install/moveit_ros_perception:/home/yousef_elabd/gp_arm/install/moveit_resources_prbt_pg70_support:/home/yousef_elabd/gp_arm/install/moveit_resources_prbt_moveit_config:/home/yousef_elabd/gp_arm/install/moveit_ros_move_group:/home/yousef_elabd/gp_arm/install/moveit_planners_ompl:/home/yousef_elabd/gp_arm/install/moveit_ros_planning:/home/yousef_elabd/gp_arm/install/moveit_ros_occupancy_map_monitor:/home/yousef_elabd/gp_arm/install/moveit_resources_prbt_support:/home/yousef_elabd/gp_arm/install/moveit_resources_prbt_ikfast_manipulator_plugin:/home/yousef_elabd/gp_arm/install/moveit_planners_chomp:/home/yousef_elabd/gp_arm/install/moveit_kinematics:/home/yousef_elabd/gp_arm/install/moveit_chomp_optimizer_adapter:/home/yousef_elabd/gp_arm/install/chomp_motion_planner:/home/yousef_elabd/gp_arm/install/moveit_core:/home/yousef_elabd/gp_arm/install/moveit_configs_utils:/home/yousef_elabd/gp_arm/install/moveit_common:/opt/ros/humble CMAKE_PREFIX_PATH=${CMAKE_PREFIX_PATH}:/home/yousef_elabd/gp_arm/install/my_robotic_arm:/home/yousef_elabd/gp_arm/install/moveit_configs_utils:/opt/ros/humble /usr/bin/cmake --build /home/yousef_elabd/gp_arm/build/gp_arm_moveit -- -j24 -l24
[1.585s] Invoking command in '/home/yousef_elabd/gp_arm/build/gp_arm_moveit': AMENT_PREFIX_PATH=/home/yousef_elabd/gp_arm/install/my_robotic_arm:/home/yousef_elabd/gp_arm/install/pilz_industrial_motion_planner_testutils:/home/yousef_elabd/gp_arm/install/gp_arm_moveit:/home/yousef_elabd/gp_arm/install/moveit_planners:/home/yousef_elabd/gp_arm/install/pilz_industrial_motion_planner:/home/yousef_elabd/gp_arm/install/moveit_ros_control_interface:/home/yousef_elabd/gp_arm/install/moveit_plugins:/home/yousef_elabd/gp_arm/install/moveit_simple_controller_manager:/home/yousef_elabd/gp_arm/install/moveit_py:/home/yousef_elabd/gp_arm/install/moveit_ros_planning_interface:/home/yousef_elabd/gp_arm/install/moveit_ros_benchmarks:/home/yousef_elabd/gp_arm/install/moveit_ros_warehouse:/home/yousef_elabd/gp_arm/install/moveit_ros_robot_interaction:/home/yousef_elabd/gp_arm/install/moveit_ros_perception:/home/yousef_elabd/gp_arm/install/moveit_resources_prbt_pg70_support:/home/yousef_elabd/gp_arm/install/moveit_resources_prbt_moveit_config:/home/yousef_elabd/gp_arm/install/moveit_ros_move_group:/home/yousef_elabd/gp_arm/install/moveit_planners_ompl:/home/yousef_elabd/gp_arm/install/moveit_ros_planning:/home/yousef_elabd/gp_arm/install/moveit_ros_occupancy_map_monitor:/home/yousef_elabd/gp_arm/install/moveit_resources_prbt_support:/home/yousef_elabd/gp_arm/install/moveit_resources_prbt_ikfast_manipulator_plugin:/home/yousef_elabd/gp_arm/install/moveit_planners_chomp:/home/yousef_elabd/gp_arm/install/moveit_kinematics:/home/yousef_elabd/gp_arm/install/moveit_chomp_optimizer_adapter:/home/yousef_elabd/gp_arm/install/chomp_motion_planner:/home/yousef_elabd/gp_arm/install/moveit_core:/home/yousef_elabd/gp_arm/install/moveit_configs_utils:/home/yousef_elabd/gp_arm/install/moveit_common:/opt/ros/humble CMAKE_PREFIX_PATH=${CMAKE_PREFIX_PATH}:/home/yousef_elabd/gp_arm/install/my_robotic_arm:/home/yousef_elabd/gp_arm/install/moveit_configs_utils:/opt/ros/humble /usr/bin/cmake --install /home/yousef_elabd/gp_arm/build/gp_arm_moveit
[1.596s] -- Install configuration: ""
[1.596s] -- Execute custom install script
[1.598s] -- Symlinking: /home/yousef_elabd/gp_arm/install/gp_arm_moveit/share/ament_index/resource_index/package_run_dependencies/gp_arm_moveit
[1.613s] -- Symlinking: /home/yousef_elabd/gp_arm/install/gp_arm_moveit/share/ament_index/resource_index/parent_prefix_path/gp_arm_moveit
[1.627s] -- Symlinking: /home/yousef_elabd/gp_arm/install/gp_arm_moveit/share/gp_arm_moveit/environment/ament_prefix_path.sh
[1.641s] -- Symlinking: /home/yousef_elabd/gp_arm/install/gp_arm_moveit/share/gp_arm_moveit/environment/ament_prefix_path.dsv
[1.653s] -- Symlinking: /home/yousef_elabd/gp_arm/install/gp_arm_moveit/share/gp_arm_moveit/environment/path.sh
[1.666s] -- Symlinking: /home/yousef_elabd/gp_arm/install/gp_arm_moveit/share/gp_arm_moveit/environment/path.dsv
[1.678s] -- Symlinking: /home/yousef_elabd/gp_arm/install/gp_arm_moveit/share/gp_arm_moveit/local_setup.bash
[1.691s] -- Symlinking: /home/yousef_elabd/gp_arm/install/gp_arm_moveit/share/gp_arm_moveit/local_setup.sh
[1.704s] -- Symlinking: /home/yousef_elabd/gp_arm/install/gp_arm_moveit/share/gp_arm_moveit/local_setup.zsh
[1.717s] -- Symlinking: /home/yousef_elabd/gp_arm/install/gp_arm_moveit/share/gp_arm_moveit/local_setup.dsv
[1.728s] -- Symlinking: /home/yousef_elabd/gp_arm/install/gp_arm_moveit/share/gp_arm_moveit/package.dsv
[1.741s] -- Symlinking: /home/yousef_elabd/gp_arm/install/gp_arm_moveit/share/ament_index/resource_index/packages/gp_arm_moveit
[1.753s] -- Symlinking: /home/yousef_elabd/gp_arm/install/gp_arm_moveit/share/gp_arm_moveit/cmake/gp_arm_moveitConfig.cmake
[1.766s] -- Symlinking: /home/yousef_elabd/gp_arm/install/gp_arm_moveit/share/gp_arm_moveit/cmake/gp_arm_moveitConfig-version.cmake
[1.779s] -- Symlinking: /home/yousef_elabd/gp_arm/install/gp_arm_moveit/share/gp_arm_moveit/package.xml
[1.794s] -- Symlinking: /home/yousef_elabd/gp_arm/install/gp_arm_moveit/share/gp_arm_moveit/launch/demo.launch.py
[1.808s] -- Symlinking: /home/yousef_elabd/gp_arm/install/gp_arm_moveit/share/gp_arm_moveit/launch/move_group.launch.py
[1.821s] -- Symlinking: /home/yousef_elabd/gp_arm/install/gp_arm_moveit/share/gp_arm_moveit/launch/moveit_rviz.launch.py
[1.834s] -- Symlinking: /home/yousef_elabd/gp_arm/install/gp_arm_moveit/share/gp_arm_moveit/launch/rsp.launch.py
[1.847s] -- Symlinking: /home/yousef_elabd/gp_arm/install/gp_arm_moveit/share/gp_arm_moveit/launch/setup_assistant.launch.py
[1.860s] -- Symlinking: /home/yousef_elabd/gp_arm/install/gp_arm_moveit/share/gp_arm_moveit/launch/spawn_controllers.launch.py
[1.873s] -- Symlinking: /home/yousef_elabd/gp_arm/install/gp_arm_moveit/share/gp_arm_moveit/launch/static_virtual_joint_tfs.launch.py
[1.886s] -- Symlinking: /home/yousef_elabd/gp_arm/install/gp_arm_moveit/share/gp_arm_moveit/launch/warehouse_db.launch.py
[1.923s] -- Symlinking: /home/yousef_elabd/gp_arm/install/gp_arm_moveit/share/gp_arm_moveit/config/config_arm_robot.ros2_control.xacro
[1.936s] -- Symlinking: /home/yousef_elabd/gp_arm/install/gp_arm_moveit/share/gp_arm_moveit/config/config_arm_robot.srdf
[1.949s] -- Symlinking: /home/yousef_elabd/gp_arm/install/gp_arm_moveit/share/gp_arm_moveit/config/config_arm_robot.urdf.xacro
[1.961s] -- Symlinking: /home/yousef_elabd/gp_arm/install/gp_arm_moveit/share/gp_arm_moveit/config/initial_positions.yaml
[1.974s] -- Symlinking: /home/yousef_elabd/gp_arm/install/gp_arm_moveit/share/gp_arm_moveit/config/joint_limits.yaml
[1.989s] -- Symlinking: /home/yousef_elabd/gp_arm/install/gp_arm_moveit/share/gp_arm_moveit/config/kinematics.yaml
[2.003s] -- Symlinking: /home/yousef_elabd/gp_arm/install/gp_arm_moveit/share/gp_arm_moveit/config/moveit.rviz
[2.017s] -- Symlinking: /home/yousef_elabd/gp_arm/install/gp_arm_moveit/share/gp_arm_moveit/config/moveit_controllers.yaml
[2.031s] -- Symlinking: /home/yousef_elabd/gp_arm/install/gp_arm_moveit/share/gp_arm_moveit/config/pilz_cartesian_limits.yaml
[2.055s] -- Symlinking: /home/yousef_elabd/gp_arm/install/gp_arm_moveit/share/gp_arm_moveit/config/ros2_controllers.yaml
[2.065s] -- Symlinking: /home/yousef_elabd/gp_arm/install/gp_arm_moveit/share/gp_arm_moveit/.setup_assistant
[2.081s] Invoked command in '/home/yousef_elabd/gp_arm/build/gp_arm_moveit' returned '0': AMENT_PREFIX_PATH=/home/yousef_elabd/gp_arm/install/my_robotic_arm:/home/yousef_elabd/gp_arm/install/pilz_industrial_motion_planner_testutils:/home/yousef_elabd/gp_arm/install/gp_arm_moveit:/home/yousef_elabd/gp_arm/install/moveit_planners:/home/yousef_elabd/gp_arm/install/pilz_industrial_motion_planner:/home/yousef_elabd/gp_arm/install/moveit_ros_control_interface:/home/yousef_elabd/gp_arm/install/moveit_plugins:/home/yousef_elabd/gp_arm/install/moveit_simple_controller_manager:/home/yousef_elabd/gp_arm/install/moveit_py:/home/yousef_elabd/gp_arm/install/moveit_ros_planning_interface:/home/yousef_elabd/gp_arm/install/moveit_ros_benchmarks:/home/yousef_elabd/gp_arm/install/moveit_ros_warehouse:/home/yousef_elabd/gp_arm/install/moveit_ros_robot_interaction:/home/yousef_elabd/gp_arm/install/moveit_ros_perception:/home/yousef_elabd/gp_arm/install/moveit_resources_prbt_pg70_support:/home/yousef_elabd/gp_arm/install/moveit_resources_prbt_moveit_config:/home/yousef_elabd/gp_arm/install/moveit_ros_move_group:/home/yousef_elabd/gp_arm/install/moveit_planners_ompl:/home/yousef_elabd/gp_arm/install/moveit_ros_planning:/home/yousef_elabd/gp_arm/install/moveit_ros_occupancy_map_monitor:/home/yousef_elabd/gp_arm/install/moveit_resources_prbt_support:/home/yousef_elabd/gp_arm/install/moveit_resources_prbt_ikfast_manipulator_plugin:/home/yousef_elabd/gp_arm/install/moveit_planners_chomp:/home/yousef_elabd/gp_arm/install/moveit_kinematics:/home/yousef_elabd/gp_arm/install/moveit_chomp_optimizer_adapter:/home/yousef_elabd/gp_arm/install/chomp_motion_planner:/home/yousef_elabd/gp_arm/install/moveit_core:/home/yousef_elabd/gp_arm/install/moveit_configs_utils:/home/yousef_elabd/gp_arm/install/moveit_common:/opt/ros/humble CMAKE_PREFIX_PATH=${CMAKE_PREFIX_PATH}:/home/yousef_elabd/gp_arm/install/my_robotic_arm:/home/yousef_elabd/gp_arm/install/moveit_configs_utils:/opt/ros/humble /usr/bin/cmake --install /home/yousef_elabd/gp_arm/build/gp_arm_moveit
