[0.235s] DEBUG:colcon:Command line arguments: ['/usr/bin/colcon', 'build', '--symlink-install', '--packages-select', 'gp_arm_moveit', 'my_robotic_arm']
[0.235s] DEBUG:colcon:Parsed command line arguments: Namespace(log_base=None, log_level=None, verb_name='build', build_base='build', install_base='install', merge_install=False, symlink_install=True, test_result_base=None, continue_on_error=False, executor='parallel', parallel_workers=24, event_handlers=None, ignore_user_meta=False, metas=['./colcon.meta'], base_paths=['.'], packages_ignore=None, packages_ignore_regex=None, paths=None, packages_up_to=None, packages_up_to_regex=None, packages_above=None, packages_above_and_dependencies=None, packages_above_depth=None, packages_select_by_dep=None, packages_skip_by_dep=None, packages_skip_up_to=None, packages_select_build_failed=False, packages_skip_build_finished=False, packages_select_test_failures=False, packages_skip_test_passed=False, packages_select=['gp_arm_moveit', 'my_robotic_arm'], packages_skip=None, packages_select_regex=None, packages_skip_regex=None, packages_start=None, packages_end=None, allow_overriding=[], cmake_args=None, cmake_target=None, cmake_target_skip_unavailable=False, cmake_clean_cache=False, cmake_clean_first=False, cmake_force_configure=False, ament_cmake_args=None, catkin_cmake_args=None, catkin_skip_building_tests=False, mixin_files=None, mixin=None, verb_parser=<colcon_mixin.mixin.mixin_argument.MixinArgumentDecorator object at 0x7791ca159ab0>, verb_extension=<colcon_core.verb.build.BuildVerb object at 0x7791ca158e50>, main=<bound method BuildVerb.main of <colcon_core.verb.build.BuildVerb object at 0x7791ca158e50>>, mixin_verb=('build',))
[0.611s] Level 1:colcon.colcon_core.package_discovery:discover_packages(colcon_meta) check parameters
[0.611s] Level 1:colcon.colcon_core.package_discovery:discover_packages(recursive) check parameters
[0.611s] Level 1:colcon.colcon_core.package_discovery:discover_packages(ignore) check parameters
[0.611s] Level 1:colcon.colcon_core.package_discovery:discover_packages(path) check parameters
[0.611s] Level 1:colcon.colcon_core.package_discovery:discover_packages(colcon_meta) discover
[0.611s] Level 1:colcon.colcon_core.package_discovery:discover_packages(recursive) discover
[0.611s] INFO:colcon.colcon_core.package_discovery:Crawling recursively for packages in '/home/yousef_elabd/gp_arm'
[0.612s] Level 1:colcon.colcon_core.package_identification:_identify(.) by extensions ['ignore', 'ignore_ament_install']
[0.612s] Level 1:colcon.colcon_core.package_identification:_identify(.) by extension 'ignore'
[0.612s] Level 1:colcon.colcon_core.package_identification:_identify(.) by extension 'ignore_ament_install'
[0.612s] Level 1:colcon.colcon_core.package_identification:_identify(.) by extensions ['colcon_pkg']
[0.612s] Level 1:colcon.colcon_core.package_identification:_identify(.) by extension 'colcon_pkg'
[0.612s] Level 1:colcon.colcon_core.package_identification:_identify(.) by extensions ['colcon_meta']
[0.612s] Level 1:colcon.colcon_core.package_identification:_identify(.) by extension 'colcon_meta'
[0.612s] Level 1:colcon.colcon_core.package_identification:_identify(.) by extensions ['ros']
[0.612s] Level 1:colcon.colcon_core.package_identification:_identify(.) by extension 'ros'
[0.632s] Level 1:colcon.colcon_core.package_identification:_identify(.) by extensions ['cmake', 'python']
[0.632s] Level 1:colcon.colcon_core.package_identification:_identify(.) by extension 'cmake'
[0.632s] Level 1:colcon.colcon_core.package_identification:_identify(.) by extension 'python'
[0.632s] Level 1:colcon.colcon_core.package_identification:_identify(.) by extensions ['python_setup_py']
[0.632s] Level 1:colcon.colcon_core.package_identification:_identify(.) by extension 'python_setup_py'
[0.632s] Level 1:colcon.colcon_core.package_identification:_identify(build) by extensions ['ignore', 'ignore_ament_install']
[0.633s] Level 1:colcon.colcon_core.package_identification:_identify(build) by extension 'ignore'
[0.633s] Level 1:colcon.colcon_core.package_identification:_identify(build) ignored
[0.633s] Level 1:colcon.colcon_core.package_identification:_identify(install) by extensions ['ignore', 'ignore_ament_install']
[0.633s] Level 1:colcon.colcon_core.package_identification:_identify(install) by extension 'ignore'
[0.633s] Level 1:colcon.colcon_core.package_identification:_identify(install) ignored
[0.633s] Level 1:colcon.colcon_core.package_identification:_identify(log) by extensions ['ignore', 'ignore_ament_install']
[0.634s] Level 1:colcon.colcon_core.package_identification:_identify(log) by extension 'ignore'
[0.634s] Level 1:colcon.colcon_core.package_identification:_identify(log) ignored
[0.634s] Level 1:colcon.colcon_core.package_identification:_identify(src) by extensions ['ignore', 'ignore_ament_install']
[0.634s] Level 1:colcon.colcon_core.package_identification:_identify(src) by extension 'ignore'
[0.634s] Level 1:colcon.colcon_core.package_identification:_identify(src) by extension 'ignore_ament_install'
[0.634s] Level 1:colcon.colcon_core.package_identification:_identify(src) by extensions ['colcon_pkg']
[0.634s] Level 1:colcon.colcon_core.package_identification:_identify(src) by extension 'colcon_pkg'
[0.634s] Level 1:colcon.colcon_core.package_identification:_identify(src) by extensions ['colcon_meta']
[0.634s] Level 1:colcon.colcon_core.package_identification:_identify(src) by extension 'colcon_meta'
[0.634s] Level 1:colcon.colcon_core.package_identification:_identify(src) by extensions ['ros']
[0.634s] Level 1:colcon.colcon_core.package_identification:_identify(src) by extension 'ros'
[0.634s] Level 1:colcon.colcon_core.package_identification:_identify(src) by extensions ['cmake', 'python']
[0.634s] Level 1:colcon.colcon_core.package_identification:_identify(src) by extension 'cmake'
[0.634s] Level 1:colcon.colcon_core.package_identification:_identify(src) by extension 'python'
[0.634s] Level 1:colcon.colcon_core.package_identification:_identify(src) by extensions ['python_setup_py']
[0.634s] Level 1:colcon.colcon_core.package_identification:_identify(src) by extension 'python_setup_py'
[0.635s] Level 1:colcon.colcon_core.package_identification:_identify(src/gp_arm_moveit) by extensions ['ignore', 'ignore_ament_install']
[0.635s] Level 1:colcon.colcon_core.package_identification:_identify(src/gp_arm_moveit) by extension 'ignore'
[0.635s] Level 1:colcon.colcon_core.package_identification:_identify(src/gp_arm_moveit) by extension 'ignore_ament_install'
[0.635s] Level 1:colcon.colcon_core.package_identification:_identify(src/gp_arm_moveit) by extensions ['colcon_pkg']
[0.635s] Level 1:colcon.colcon_core.package_identification:_identify(src/gp_arm_moveit) by extension 'colcon_pkg'
[0.635s] Level 1:colcon.colcon_core.package_identification:_identify(src/gp_arm_moveit) by extensions ['colcon_meta']
[0.635s] Level 1:colcon.colcon_core.package_identification:_identify(src/gp_arm_moveit) by extension 'colcon_meta'
[0.635s] Level 1:colcon.colcon_core.package_identification:_identify(src/gp_arm_moveit) by extensions ['ros']
[0.636s] Level 1:colcon.colcon_core.package_identification:_identify(src/gp_arm_moveit) by extension 'ros'
[0.639s] DEBUG:colcon.colcon_core.package_identification:Package 'src/gp_arm_moveit' with type 'ros.ament_cmake' and name 'gp_arm_moveit'
[0.640s] Level 1:colcon.colcon_core.package_identification:_identify(src/my_robotic_arm) by extensions ['ignore', 'ignore_ament_install']
[0.640s] Level 1:colcon.colcon_core.package_identification:_identify(src/my_robotic_arm) by extension 'ignore'
[0.640s] Level 1:colcon.colcon_core.package_identification:_identify(src/my_robotic_arm) by extension 'ignore_ament_install'
[0.640s] Level 1:colcon.colcon_core.package_identification:_identify(src/my_robotic_arm) by extensions ['colcon_pkg']
[0.640s] Level 1:colcon.colcon_core.package_identification:_identify(src/my_robotic_arm) by extension 'colcon_pkg'
[0.640s] Level 1:colcon.colcon_core.package_identification:_identify(src/my_robotic_arm) by extensions ['colcon_meta']
[0.640s] Level 1:colcon.colcon_core.package_identification:_identify(src/my_robotic_arm) by extension 'colcon_meta'
[0.640s] Level 1:colcon.colcon_core.package_identification:_identify(src/my_robotic_arm) by extensions ['ros']
[0.640s] Level 1:colcon.colcon_core.package_identification:_identify(src/my_robotic_arm) by extension 'ros'
[0.642s] DEBUG:colcon.colcon_core.package_identification:Package 'src/my_robotic_arm' with type 'ros.ament_python' and name 'my_robotic_arm'
[0.642s] Level 1:colcon.colcon_core.package_discovery:discover_packages(recursive) using defaults
[0.642s] Level 1:colcon.colcon_core.package_discovery:discover_packages(ignore) discover
[0.642s] Level 1:colcon.colcon_core.package_discovery:discover_packages(ignore) using defaults
[0.642s] Level 1:colcon.colcon_core.package_discovery:discover_packages(path) discover
[0.642s] Level 1:colcon.colcon_core.package_discovery:discover_packages(path) using defaults
[0.686s] Level 1:colcon.colcon_core.package_discovery:discover_packages(prefix_path) check parameters
[0.686s] Level 1:colcon.colcon_core.package_discovery:discover_packages(prefix_path) discover
[0.690s] DEBUG:colcon.colcon_installed_package_information.package_discovery:Found 381 installed packages in /opt/ros/humble
[0.692s] Level 1:colcon.colcon_core.package_discovery:discover_packages(prefix_path) using defaults
[0.735s] Level 5:colcon.colcon_core.verb:set package 'my_robotic_arm' build argument 'cmake_args' from command line to 'None'
[0.735s] Level 5:colcon.colcon_core.verb:set package 'my_robotic_arm' build argument 'cmake_target' from command line to 'None'
[0.735s] Level 5:colcon.colcon_core.verb:set package 'my_robotic_arm' build argument 'cmake_target_skip_unavailable' from command line to 'False'
[0.735s] Level 5:colcon.colcon_core.verb:set package 'my_robotic_arm' build argument 'cmake_clean_cache' from command line to 'False'
[0.735s] Level 5:colcon.colcon_core.verb:set package 'my_robotic_arm' build argument 'cmake_clean_first' from command line to 'False'
[0.735s] Level 5:colcon.colcon_core.verb:set package 'my_robotic_arm' build argument 'cmake_force_configure' from command line to 'False'
[0.735s] Level 5:colcon.colcon_core.verb:set package 'my_robotic_arm' build argument 'ament_cmake_args' from command line to 'None'
[0.735s] Level 5:colcon.colcon_core.verb:set package 'my_robotic_arm' build argument 'catkin_cmake_args' from command line to 'None'
[0.735s] Level 5:colcon.colcon_core.verb:set package 'my_robotic_arm' build argument 'catkin_skip_building_tests' from command line to 'False'
[0.735s] DEBUG:colcon.colcon_core.verb:Building package 'my_robotic_arm' with the following arguments: {'ament_cmake_args': None, 'build_base': '/home/yousef_elabd/gp_arm/build/my_robotic_arm', 'catkin_cmake_args': None, 'catkin_skip_building_tests': False, 'cmake_args': None, 'cmake_clean_cache': False, 'cmake_clean_first': False, 'cmake_force_configure': False, 'cmake_target': None, 'cmake_target_skip_unavailable': False, 'install_base': '/home/yousef_elabd/gp_arm/install/my_robotic_arm', 'merge_install': False, 'path': '/home/yousef_elabd/gp_arm/src/my_robotic_arm', 'symlink_install': True, 'test_result_base': None}
[0.735s] Level 5:colcon.colcon_core.verb:set package 'gp_arm_moveit' build argument 'cmake_args' from command line to 'None'
[0.735s] Level 5:colcon.colcon_core.verb:set package 'gp_arm_moveit' build argument 'cmake_target' from command line to 'None'
[0.735s] Level 5:colcon.colcon_core.verb:set package 'gp_arm_moveit' build argument 'cmake_target_skip_unavailable' from command line to 'False'
[0.735s] Level 5:colcon.colcon_core.verb:set package 'gp_arm_moveit' build argument 'cmake_clean_cache' from command line to 'False'
[0.735s] Level 5:colcon.colcon_core.verb:set package 'gp_arm_moveit' build argument 'cmake_clean_first' from command line to 'False'
[0.735s] Level 5:colcon.colcon_core.verb:set package 'gp_arm_moveit' build argument 'cmake_force_configure' from command line to 'False'
[0.735s] Level 5:colcon.colcon_core.verb:set package 'gp_arm_moveit' build argument 'ament_cmake_args' from command line to 'None'
[0.735s] Level 5:colcon.colcon_core.verb:set package 'gp_arm_moveit' build argument 'catkin_cmake_args' from command line to 'None'
[0.735s] Level 5:colcon.colcon_core.verb:set package 'gp_arm_moveit' build argument 'catkin_skip_building_tests' from command line to 'False'
[0.735s] DEBUG:colcon.colcon_core.verb:Building package 'gp_arm_moveit' with the following arguments: {'ament_cmake_args': None, 'build_base': '/home/yousef_elabd/gp_arm/build/gp_arm_moveit', 'catkin_cmake_args': None, 'catkin_skip_building_tests': False, 'cmake_args': None, 'cmake_clean_cache': False, 'cmake_clean_first': False, 'cmake_force_configure': False, 'cmake_target': None, 'cmake_target_skip_unavailable': False, 'install_base': '/home/yousef_elabd/gp_arm/install/gp_arm_moveit', 'merge_install': False, 'path': '/home/yousef_elabd/gp_arm/src/gp_arm_moveit', 'symlink_install': True, 'test_result_base': None}
[0.736s] INFO:colcon.colcon_core.executor:Executing jobs using 'parallel' executor
[0.737s] DEBUG:colcon.colcon_parallel_executor.executor.parallel:run_until_complete
[0.737s] INFO:colcon.colcon_ros.task.ament_python.build:Building ROS package in '/home/yousef_elabd/gp_arm/src/my_robotic_arm' with build type 'ament_python'
[0.737s] Level 1:colcon.colcon_core.shell:create_environment_hook('my_robotic_arm', 'ament_prefix_path')
[0.746s] INFO:colcon.colcon_core.plugin_system:Skipping extension 'colcon_core.shell.bat': Not used on non-Windows systems
[0.746s] INFO:colcon.colcon_core.shell:Creating environment hook '/home/yousef_elabd/gp_arm/install/my_robotic_arm/share/my_robotic_arm/hook/ament_prefix_path.ps1'
[0.747s] INFO:colcon.colcon_core.shell:Creating environment descriptor '/home/yousef_elabd/gp_arm/install/my_robotic_arm/share/my_robotic_arm/hook/ament_prefix_path.dsv'
[0.748s] INFO:colcon.colcon_core.shell:Creating environment hook '/home/yousef_elabd/gp_arm/install/my_robotic_arm/share/my_robotic_arm/hook/ament_prefix_path.sh'
[0.750s] INFO:colcon.colcon_core.shell:Skip shell extension 'powershell' for command environment: Not usable outside of PowerShell
[0.750s] DEBUG:colcon.colcon_core.shell:Skip shell extension 'dsv' for command environment
[1.034s] INFO:colcon.colcon_core.task.python.build:Building Python package in '/home/yousef_elabd/gp_arm/src/my_robotic_arm'
[1.035s] INFO:colcon.colcon_core.shell:Skip shell extension 'powershell' for command environment: Not usable outside of PowerShell
[1.035s] DEBUG:colcon.colcon_core.shell:Skip shell extension 'dsv' for command environment
[1.569s] DEBUG:colcon.colcon_core.task.python.build:While undoing a previous installation files outside the Python library path are being ignored: /home/yousef_elabd/gp_arm/install/my_robotic_arm/share/ament_index/resource_index/packages/my_robotic_arm
[1.569s] DEBUG:colcon.colcon_core.task.python.build:While undoing a previous installation files outside the Python library path are being ignored: /home/yousef_elabd/gp_arm/install/my_robotic_arm/share/my_robotic_arm/package.xml
[1.569s] DEBUG:colcon.colcon_core.task.python.build:While undoing a previous installation files outside the Python library path are being ignored: /home/yousef_elabd/gp_arm/install/my_robotic_arm/share/my_robotic_arm/launch/complete_launch.py
[1.569s] DEBUG:colcon.colcon_core.task.python.build:While undoing a previous installation files outside the Python library path are being ignored: /home/yousef_elabd/gp_arm/install/my_robotic_arm/share/my_robotic_arm/urdf/config_arm_robot.urdf
[1.569s] DEBUG:colcon.colcon_core.task.python.build:While undoing a previous installation files outside the Python library path are being ignored: /home/yousef_elabd/gp_arm/install/my_robotic_arm/share/my_robotic_arm/urdf/config_arm_robot.csv:Zone.Identifier
[1.569s] DEBUG:colcon.colcon_core.task.python.build:While undoing a previous installation files outside the Python library path are being ignored: /home/yousef_elabd/gp_arm/install/my_robotic_arm/share/my_robotic_arm/urdf/config_arm_robot.urdf:Zone.Identifier
[1.569s] DEBUG:colcon.colcon_core.task.python.build:While undoing a previous installation files outside the Python library path are being ignored: /home/yousef_elabd/gp_arm/install/my_robotic_arm/share/my_robotic_arm/urdf/config_arm_robot.csv
[1.569s] DEBUG:colcon.colcon_core.task.python.build:While undoing a previous installation files outside the Python library path are being ignored: /home/yousef_elabd/gp_arm/install/my_robotic_arm/share/my_robotic_arm/meshes/j4_arm_link.STL:Zone.Identifier
[1.569s] DEBUG:colcon.colcon_core.task.python.build:While undoing a previous installation files outside the Python library path are being ignored: /home/yousef_elabd/gp_arm/install/my_robotic_arm/share/my_robotic_arm/meshes/j3_arm_link.stl
[1.569s] DEBUG:colcon.colcon_core.task.python.build:While undoing a previous installation files outside the Python library path are being ignored: /home/yousef_elabd/gp_arm/install/my_robotic_arm/share/my_robotic_arm/meshes/j1_arm_link.STL:Zone.Identifier
[1.569s] DEBUG:colcon.colcon_core.task.python.build:While undoing a previous installation files outside the Python library path are being ignored: /home/yousef_elabd/gp_arm/install/my_robotic_arm/share/my_robotic_arm/meshes/j1_arm_link.stl
[1.569s] DEBUG:colcon.colcon_core.task.python.build:While undoing a previous installation files outside the Python library path are being ignored: /home/yousef_elabd/gp_arm/install/my_robotic_arm/share/my_robotic_arm/meshes/Arm_base_link.STL:Zone.Identifier
[1.569s] DEBUG:colcon.colcon_core.task.python.build:While undoing a previous installation files outside the Python library path are being ignored: /home/yousef_elabd/gp_arm/install/my_robotic_arm/share/my_robotic_arm/meshes/base_link.STL:Zone.Identifier
[1.569s] DEBUG:colcon.colcon_core.task.python.build:While undoing a previous installation files outside the Python library path are being ignored: /home/yousef_elabd/gp_arm/install/my_robotic_arm/share/my_robotic_arm/meshes/j5_arm_link.STL:Zone.Identifier
[1.569s] DEBUG:colcon.colcon_core.task.python.build:While undoing a previous installation files outside the Python library path are being ignored: /home/yousef_elabd/gp_arm/install/my_robotic_arm/share/my_robotic_arm/meshes/j2_arm_link.stl
[1.569s] DEBUG:colcon.colcon_core.task.python.build:While undoing a previous installation files outside the Python library path are being ignored: /home/yousef_elabd/gp_arm/install/my_robotic_arm/share/my_robotic_arm/meshes/j2_arm_link.STL:Zone.Identifier
[1.569s] DEBUG:colcon.colcon_core.task.python.build:While undoing a previous installation files outside the Python library path are being ignored: /home/yousef_elabd/gp_arm/install/my_robotic_arm/share/my_robotic_arm/meshes/Arm_base_link.stl
[1.569s] DEBUG:colcon.colcon_core.task.python.build:While undoing a previous installation files outside the Python library path are being ignored: /home/yousef_elabd/gp_arm/install/my_robotic_arm/share/my_robotic_arm/meshes/base_link.stl
[1.569s] DEBUG:colcon.colcon_core.task.python.build:While undoing a previous installation files outside the Python library path are being ignored: /home/yousef_elabd/gp_arm/install/my_robotic_arm/share/my_robotic_arm/meshes/j3_arm_link.STL:Zone.Identifier
[1.569s] DEBUG:colcon.colcon_core.task.python.build:While undoing a previous installation files outside the Python library path are being ignored: /home/yousef_elabd/gp_arm/install/my_robotic_arm/share/my_robotic_arm/meshes/j5_arm_link.stl
[1.569s] DEBUG:colcon.colcon_core.task.python.build:While undoing a previous installation files outside the Python library path are being ignored: /home/yousef_elabd/gp_arm/install/my_robotic_arm/share/my_robotic_arm/meshes/j4_arm_link.stl
[1.569s] DEBUG:colcon.colcon_core.task.python.build:While undoing a previous installation files outside the Python library path are being ignored: /home/yousef_elabd/gp_arm/install/my_robotic_arm/share/my_robotic_arm/meshes/j6_arm_link.STL:Zone.Identifier
[1.569s] DEBUG:colcon.colcon_core.task.python.build:While undoing a previous installation files outside the Python library path are being ignored: /home/yousef_elabd/gp_arm/install/my_robotic_arm/share/my_robotic_arm/meshes/j6_arm_link.stl
[1.569s] DEBUG:colcon.colcon_core.task.python.build:While undoing a previous installation files outside the Python library path are being ignored: /home/yousef_elabd/gp_arm/install/my_robotic_arm/share/my_robotic_arm/config
[1.570s] DEBUG:colcon.colcon_core.task.python.build:While undoing a previous installation files outside the Python library path are being ignored: /home/yousef_elabd/gp_arm/install/my_robotic_arm/lib/my_robotic_arm/arm_mover_node
[1.579s] DEBUG:colcon.colcon_core.event_handler.log_command:Invoking command in '/home/yousef_elabd/gp_arm/build/my_robotic_arm': PYTHONPATH=/home/yousef_elabd/gp_arm/build/my_robotic_arm/prefix_override:/usr/lib/python3/dist-packages/colcon_core/task/python/colcon_distutils_commands:/home/yousef_elabd/gp_arm/install/my_robotic_arm/lib/python3.10/site-packages:${PYTHONPATH} /usr/bin/python3 -W ignore:setup.py install is deprecated -W ignore:easy_install command is deprecated setup.py develop --editable --build-directory /home/yousef_elabd/gp_arm/build/my_robotic_arm/build --no-deps symlink_data --force
[2.004s] Level 1:colcon.colcon_core.shell:create_environment_hook('my_robotic_arm', 'pythonpath_develop')
[2.005s] INFO:colcon.colcon_core.shell:Creating environment hook '/home/yousef_elabd/gp_arm/build/my_robotic_arm/share/my_robotic_arm/hook/pythonpath_develop.ps1'
[2.005s] DEBUG:colcon.colcon_core.event_handler.log_command:Invoked command in '/home/yousef_elabd/gp_arm/build/my_robotic_arm' returned '0': PYTHONPATH=/home/yousef_elabd/gp_arm/build/my_robotic_arm/prefix_override:/usr/lib/python3/dist-packages/colcon_core/task/python/colcon_distutils_commands:/home/yousef_elabd/gp_arm/install/my_robotic_arm/lib/python3.10/site-packages:${PYTHONPATH} /usr/bin/python3 -W ignore:setup.py install is deprecated -W ignore:easy_install command is deprecated setup.py develop --editable --build-directory /home/yousef_elabd/gp_arm/build/my_robotic_arm/build --no-deps symlink_data --force
[2.006s] INFO:colcon.colcon_core.shell:Creating environment descriptor '/home/yousef_elabd/gp_arm/build/my_robotic_arm/share/my_robotic_arm/hook/pythonpath_develop.dsv'
[2.006s] INFO:colcon.colcon_core.shell:Creating environment hook '/home/yousef_elabd/gp_arm/build/my_robotic_arm/share/my_robotic_arm/hook/pythonpath_develop.sh'
[2.014s] Level 1:colcon.colcon_core.environment:checking '/home/yousef_elabd/gp_arm/install/my_robotic_arm' for CMake module files
[2.015s] Level 1:colcon.colcon_core.environment:checking '/home/yousef_elabd/gp_arm/install/my_robotic_arm' for CMake config files
[2.019s] Level 1:colcon.colcon_core.environment:checking '/home/yousef_elabd/gp_arm/install/my_robotic_arm/lib'
[2.019s] Level 1:colcon.colcon_core.environment:checking '/home/yousef_elabd/gp_arm/install/my_robotic_arm/bin'
[2.019s] Level 1:colcon.colcon_core.environment:checking '/home/yousef_elabd/gp_arm/install/my_robotic_arm/lib/pkgconfig/my_robotic_arm.pc'
[2.019s] Level 1:colcon.colcon_core.environment:checking '/home/yousef_elabd/gp_arm/install/my_robotic_arm/lib/python3.10/site-packages'
[2.019s] Level 1:colcon.colcon_core.shell:create_environment_hook('my_robotic_arm', 'pythonpath')
[2.020s] INFO:colcon.colcon_core.shell:Creating environment hook '/home/yousef_elabd/gp_arm/install/my_robotic_arm/share/my_robotic_arm/hook/pythonpath.ps1'
[2.020s] INFO:colcon.colcon_core.shell:Creating environment descriptor '/home/yousef_elabd/gp_arm/install/my_robotic_arm/share/my_robotic_arm/hook/pythonpath.dsv'
[2.020s] INFO:colcon.colcon_core.shell:Creating environment hook '/home/yousef_elabd/gp_arm/install/my_robotic_arm/share/my_robotic_arm/hook/pythonpath.sh'
[2.021s] Level 1:colcon.colcon_core.environment:checking '/home/yousef_elabd/gp_arm/install/my_robotic_arm/bin'
[2.021s] Level 1:colcon.colcon_core.environment:create_environment_scripts_only(my_robotic_arm)
[2.021s] INFO:colcon.colcon_core.shell:Creating package script '/home/yousef_elabd/gp_arm/install/my_robotic_arm/share/my_robotic_arm/package.ps1'
[2.023s] INFO:colcon.colcon_core.shell:Creating package descriptor '/home/yousef_elabd/gp_arm/install/my_robotic_arm/share/my_robotic_arm/package.dsv'
[2.024s] INFO:colcon.colcon_core.shell:Creating package script '/home/yousef_elabd/gp_arm/install/my_robotic_arm/share/my_robotic_arm/package.sh'
[2.025s] INFO:colcon.colcon_core.shell:Creating package script '/home/yousef_elabd/gp_arm/install/my_robotic_arm/share/my_robotic_arm/package.bash'
[2.027s] INFO:colcon.colcon_core.shell:Creating package script '/home/yousef_elabd/gp_arm/install/my_robotic_arm/share/my_robotic_arm/package.zsh'
[2.028s] Level 1:colcon.colcon_core.environment:create_file_with_runtime_dependencies(/home/yousef_elabd/gp_arm/install/my_robotic_arm/share/colcon-core/packages/my_robotic_arm)
[2.028s] INFO:colcon.colcon_ros.task.ament_cmake.build:Building ROS package in '/home/yousef_elabd/gp_arm/src/gp_arm_moveit' with build type 'ament_cmake'
[2.029s] INFO:colcon.colcon_cmake.task.cmake.build:Building CMake package in '/home/yousef_elabd/gp_arm/src/gp_arm_moveit'
[2.029s] INFO:colcon.colcon_core.shell:Skip shell extension 'powershell' for command environment: Not usable outside of PowerShell
[2.029s] DEBUG:colcon.colcon_core.shell:Skip shell extension 'dsv' for command environment
[2.070s] DEBUG:colcon.colcon_core.event_handler.log_command:Invoking command in '/home/yousef_elabd/gp_arm/build/gp_arm_moveit': AMENT_PREFIX_PATH=/home/yousef_elabd/gp_arm/install/my_robotic_arm:${AMENT_PREFIX_PATH} CMAKE_PREFIX_PATH=/opt/ros/humble PYTHONPATH=/home/yousef_elabd/gp_arm/build/my_robotic_arm:/home/yousef_elabd/gp_arm/install/my_robotic_arm/lib/python3.10/site-packages:${PYTHONPATH} /usr/bin/cmake /home/yousef_elabd/gp_arm/src/gp_arm_moveit -DAMENT_CMAKE_SYMLINK_INSTALL=1 -DCMAKE_INSTALL_PREFIX=/home/yousef_elabd/gp_arm/install/gp_arm_moveit
[2.390s] DEBUG:colcon.colcon_core.event_handler.log_command:Invoked command in '/home/yousef_elabd/gp_arm/build/gp_arm_moveit' returned '0': AMENT_PREFIX_PATH=/home/yousef_elabd/gp_arm/install/my_robotic_arm:${AMENT_PREFIX_PATH} CMAKE_PREFIX_PATH=/opt/ros/humble PYTHONPATH=/home/yousef_elabd/gp_arm/build/my_robotic_arm:/home/yousef_elabd/gp_arm/install/my_robotic_arm/lib/python3.10/site-packages:${PYTHONPATH} /usr/bin/cmake /home/yousef_elabd/gp_arm/src/gp_arm_moveit -DAMENT_CMAKE_SYMLINK_INSTALL=1 -DCMAKE_INSTALL_PREFIX=/home/yousef_elabd/gp_arm/install/gp_arm_moveit
[2.393s] DEBUG:colcon.colcon_core.event_handler.log_command:Invoking command in '/home/yousef_elabd/gp_arm/build/gp_arm_moveit': AMENT_PREFIX_PATH=/home/yousef_elabd/gp_arm/install/my_robotic_arm:${AMENT_PREFIX_PATH} CMAKE_PREFIX_PATH=/opt/ros/humble PYTHONPATH=/home/yousef_elabd/gp_arm/build/my_robotic_arm:/home/yousef_elabd/gp_arm/install/my_robotic_arm/lib/python3.10/site-packages:${PYTHONPATH} /usr/bin/cmake --build /home/yousef_elabd/gp_arm/build/gp_arm_moveit -- -j24 -l24
[2.430s] DEBUG:colcon.colcon_core.event_handler.log_command:Invoked command in '/home/yousef_elabd/gp_arm/build/gp_arm_moveit' returned '0': AMENT_PREFIX_PATH=/home/yousef_elabd/gp_arm/install/my_robotic_arm:${AMENT_PREFIX_PATH} CMAKE_PREFIX_PATH=/opt/ros/humble PYTHONPATH=/home/yousef_elabd/gp_arm/build/my_robotic_arm:/home/yousef_elabd/gp_arm/install/my_robotic_arm/lib/python3.10/site-packages:${PYTHONPATH} /usr/bin/cmake --build /home/yousef_elabd/gp_arm/build/gp_arm_moveit -- -j24 -l24
[2.440s] DEBUG:colcon.colcon_core.event_handler.log_command:Invoking command in '/home/yousef_elabd/gp_arm/build/gp_arm_moveit': AMENT_PREFIX_PATH=/home/yousef_elabd/gp_arm/install/my_robotic_arm:${AMENT_PREFIX_PATH} CMAKE_PREFIX_PATH=/opt/ros/humble PYTHONPATH=/home/yousef_elabd/gp_arm/build/my_robotic_arm:/home/yousef_elabd/gp_arm/install/my_robotic_arm/lib/python3.10/site-packages:${PYTHONPATH} /usr/bin/cmake --install /home/yousef_elabd/gp_arm/build/gp_arm_moveit
[2.476s] Level 1:colcon.colcon_core.environment:create_environment_scripts_only(gp_arm_moveit)
[2.477s] Level 1:colcon.colcon_core.environment:checking '/home/yousef_elabd/gp_arm/install/gp_arm_moveit' for CMake module files
[2.477s] DEBUG:colcon.colcon_core.event_handler.log_command:Invoked command in '/home/yousef_elabd/gp_arm/build/gp_arm_moveit' returned '0': AMENT_PREFIX_PATH=/home/yousef_elabd/gp_arm/install/my_robotic_arm:${AMENT_PREFIX_PATH} CMAKE_PREFIX_PATH=/opt/ros/humble PYTHONPATH=/home/yousef_elabd/gp_arm/build/my_robotic_arm:/home/yousef_elabd/gp_arm/install/my_robotic_arm/lib/python3.10/site-packages:${PYTHONPATH} /usr/bin/cmake --install /home/yousef_elabd/gp_arm/build/gp_arm_moveit
[2.478s] Level 1:colcon.colcon_core.environment:checking '/home/yousef_elabd/gp_arm/install/gp_arm_moveit' for CMake config files
[2.480s] Level 1:colcon.colcon_core.shell:create_environment_hook('gp_arm_moveit', 'cmake_prefix_path')
[2.481s] INFO:colcon.colcon_core.shell:Creating environment hook '/home/yousef_elabd/gp_arm/install/gp_arm_moveit/share/gp_arm_moveit/hook/cmake_prefix_path.ps1'
[2.481s] INFO:colcon.colcon_core.shell:Creating environment descriptor '/home/yousef_elabd/gp_arm/install/gp_arm_moveit/share/gp_arm_moveit/hook/cmake_prefix_path.dsv'
[2.482s] INFO:colcon.colcon_core.shell:Creating environment hook '/home/yousef_elabd/gp_arm/install/gp_arm_moveit/share/gp_arm_moveit/hook/cmake_prefix_path.sh'
[2.482s] Level 1:colcon.colcon_core.environment:checking '/home/yousef_elabd/gp_arm/install/gp_arm_moveit/bin'
[2.482s] Level 1:colcon.colcon_core.environment:checking '/home/yousef_elabd/gp_arm/install/gp_arm_moveit/lib/pkgconfig/gp_arm_moveit.pc'
[2.483s] Level 1:colcon.colcon_core.environment:checking '/home/yousef_elabd/gp_arm/install/gp_arm_moveit/lib/python3.10/site-packages'
[2.483s] Level 1:colcon.colcon_core.environment:checking '/home/yousef_elabd/gp_arm/install/gp_arm_moveit/bin'
[2.483s] INFO:colcon.colcon_core.shell:Creating package script '/home/yousef_elabd/gp_arm/install/gp_arm_moveit/share/gp_arm_moveit/package.ps1'
[2.484s] INFO:colcon.colcon_core.shell:Creating package descriptor '/home/yousef_elabd/gp_arm/install/gp_arm_moveit/share/gp_arm_moveit/package.dsv'
[2.484s] INFO:colcon.colcon_core.shell:Creating package script '/home/yousef_elabd/gp_arm/install/gp_arm_moveit/share/gp_arm_moveit/package.sh'
[2.485s] INFO:colcon.colcon_core.shell:Creating package script '/home/yousef_elabd/gp_arm/install/gp_arm_moveit/share/gp_arm_moveit/package.bash'
[2.485s] INFO:colcon.colcon_core.shell:Creating package script '/home/yousef_elabd/gp_arm/install/gp_arm_moveit/share/gp_arm_moveit/package.zsh'
[2.485s] Level 1:colcon.colcon_core.environment:create_file_with_runtime_dependencies(/home/yousef_elabd/gp_arm/install/gp_arm_moveit/share/colcon-core/packages/gp_arm_moveit)
[2.486s] Level 1:colcon.colcon_core.environment:create_environment_scripts_only(gp_arm_moveit)
[2.486s] Level 1:colcon.colcon_core.environment:checking '/home/yousef_elabd/gp_arm/install/gp_arm_moveit' for CMake module files
[2.486s] Level 1:colcon.colcon_core.environment:checking '/home/yousef_elabd/gp_arm/install/gp_arm_moveit' for CMake config files
[2.487s] Level 1:colcon.colcon_core.shell:create_environment_hook('gp_arm_moveit', 'cmake_prefix_path')
[2.487s] INFO:colcon.colcon_core.shell:Creating environment hook '/home/yousef_elabd/gp_arm/install/gp_arm_moveit/share/gp_arm_moveit/hook/cmake_prefix_path.ps1'
[2.487s] INFO:colcon.colcon_core.shell:Creating environment descriptor '/home/yousef_elabd/gp_arm/install/gp_arm_moveit/share/gp_arm_moveit/hook/cmake_prefix_path.dsv'
[2.487s] INFO:colcon.colcon_core.shell:Creating environment hook '/home/yousef_elabd/gp_arm/install/gp_arm_moveit/share/gp_arm_moveit/hook/cmake_prefix_path.sh'
[2.488s] Level 1:colcon.colcon_core.environment:checking '/home/yousef_elabd/gp_arm/install/gp_arm_moveit/bin'
[2.488s] Level 1:colcon.colcon_core.environment:checking '/home/yousef_elabd/gp_arm/install/gp_arm_moveit/lib/pkgconfig/gp_arm_moveit.pc'
[2.488s] Level 1:colcon.colcon_core.environment:checking '/home/yousef_elabd/gp_arm/install/gp_arm_moveit/lib/python3.10/site-packages'
[2.489s] Level 1:colcon.colcon_core.environment:checking '/home/yousef_elabd/gp_arm/install/gp_arm_moveit/bin'
[2.489s] INFO:colcon.colcon_core.shell:Creating package script '/home/yousef_elabd/gp_arm/install/gp_arm_moveit/share/gp_arm_moveit/package.ps1'
[2.489s] INFO:colcon.colcon_core.shell:Creating package descriptor '/home/yousef_elabd/gp_arm/install/gp_arm_moveit/share/gp_arm_moveit/package.dsv'
[2.490s] INFO:colcon.colcon_core.shell:Creating package script '/home/yousef_elabd/gp_arm/install/gp_arm_moveit/share/gp_arm_moveit/package.sh'
[2.491s] INFO:colcon.colcon_core.shell:Creating package script '/home/yousef_elabd/gp_arm/install/gp_arm_moveit/share/gp_arm_moveit/package.bash'
[2.491s] INFO:colcon.colcon_core.shell:Creating package script '/home/yousef_elabd/gp_arm/install/gp_arm_moveit/share/gp_arm_moveit/package.zsh'
[2.491s] Level 1:colcon.colcon_core.environment:create_file_with_runtime_dependencies(/home/yousef_elabd/gp_arm/install/gp_arm_moveit/share/colcon-core/packages/gp_arm_moveit)
[2.492s] DEBUG:colcon.colcon_parallel_executor.executor.parallel:closing loop
[2.493s] DEBUG:colcon.colcon_parallel_executor.executor.parallel:loop closed
[2.493s] DEBUG:colcon.colcon_parallel_executor.executor.parallel:run_until_complete finished with '0'
[2.493s] DEBUG:colcon.colcon_core.event_reactor:joining thread
[2.518s] INFO:colcon.colcon_core.plugin_system:Skipping extension 'colcon_notification.desktop_notification.notify_send': Could not find 'notify-send'
[2.518s] INFO:colcon.colcon_core.plugin_system:Skipping extension 'colcon_notification.desktop_notification.terminal_notifier': Not used on non-Darwin systems
[2.519s] INFO:colcon.colcon_core.plugin_system:Skipping extension 'colcon_notification.desktop_notification.win32': Not used on non-Windows systems
[2.519s] INFO:colcon.colcon_notification.desktop_notification:Sending desktop notification using 'notify2'
[2.519s] DEBUG:colcon.colcon_notification.desktop_notification.notify2:Failed to initialize notify2: org.freedesktop.DBus.Error.FileNotFound: Failed to connect to socket /run/user/1000/bus: No such file or directory
[2.519s] DEBUG:colcon.colcon_core.event_reactor:joined thread
[2.519s] INFO:colcon.colcon_core.shell:Creating prefix script '/home/yousef_elabd/gp_arm/install/local_setup.ps1'
[2.521s] INFO:colcon.colcon_core.shell:Creating prefix util module '/home/yousef_elabd/gp_arm/install/_local_setup_util_ps1.py'
[2.522s] INFO:colcon.colcon_core.shell:Creating prefix chain script '/home/yousef_elabd/gp_arm/install/setup.ps1'
[2.524s] INFO:colcon.colcon_core.shell:Creating prefix script '/home/yousef_elabd/gp_arm/install/local_setup.sh'
[2.525s] INFO:colcon.colcon_core.shell:Creating prefix util module '/home/yousef_elabd/gp_arm/install/_local_setup_util_sh.py'
[2.525s] INFO:colcon.colcon_core.shell:Creating prefix chain script '/home/yousef_elabd/gp_arm/install/setup.sh'
[2.526s] INFO:colcon.colcon_core.shell:Creating prefix script '/home/yousef_elabd/gp_arm/install/local_setup.bash'
[2.527s] INFO:colcon.colcon_core.shell:Creating prefix chain script '/home/yousef_elabd/gp_arm/install/setup.bash'
[2.528s] INFO:colcon.colcon_core.shell:Creating prefix script '/home/yousef_elabd/gp_arm/install/local_setup.zsh'
[2.529s] INFO:colcon.colcon_core.shell:Creating prefix chain script '/home/yousef_elabd/gp_arm/install/setup.zsh'
